04:20:56 **** Auto Build of configuration Debug for project ctrlapp ****
make all 
Building file: ../src/ctrlapp.cpp
Invoking: ARM Linux g++ compiler
arm-xilinx-linux-gnueabi-g++ -Wall -O0 -g3 -I"/home/yarib/ZYBO_projects/app-workspace/framework" -c -fmessage-length=0 -MT"src/ctrlapp.o" -MMD -MP -MF"src/ctrlapp.d" -MT"src/ctrlapp.d" -o "src/ctrlapp.o" "../src/ctrlapp.cpp"
Finished building: ../src/ctrlapp.cpp
 
Building target: ctrlapp.elf
Invoking: ARM Linux g++ linker
arm-xilinx-linux-gnueabi-g++ -pthread -static -o "ctrlapp.elf"  ./src/ctrlapp.o ./src/main.o  ./framework/application.o ./framework/devicehandler.o ./framework/devices.o ./framework/systembox.o   
Finished building target: ctrlapp.elf
 
Invoking: ARM Linux Print Size
arm-xilinx-linux-gnueabi-size ctrlapp.elf  |tee "ctrlapp.elf.size"
   text	   data	    bss	    dec	    hex	filename
1013944	  14832	  39920	1068696	 104e98	ctrlapp.elf
Finished building: ctrlapp.elf.size
 

04:20:57 Build Finished (took 762ms)

