21:15:11 **** Auto Build of configuration Debug for project extension_framework ****
make all 
Building file: /home/yarib/ZYBO_projects/app-workspace/base_framework/device/commander.cpp
Invoking: ARM Linux g++ compiler
arm-xilinx-linux-gnueabi-g++ -Wall -O0 -g3 -I"/home/yarib/ZYBO_projects/app-workspace/base_framework" -c -fmessage-length=0 -MT"base_framework/device/commander.o" -MMD -MP -MF"base_framework/device/commander.d" -MT"base_framework/device/commander.d" -o "base_framework/device/commander.o" "/home/yarib/ZYBO_projects/app-workspace/base_framework/device/commander.cpp"
Finished building: /home/yarib/ZYBO_projects/app-workspace/base_framework/device/commander.cpp
 
Building target: libextension_framework.elf
Invoking: ARM Linux archiver
arm-xilinx-linux-gnueabi-ar -r  "libextension_framework.elf"  ./base_framework/network/tcpserver.o ./base_framework/network/tcpsocket.o  ./base_framework/hid/joystick.o  ./base_framework/device/commander.o ./base_framework/device/device.o ./base_framework/device/devicehandler.o  ./base_framework/application/application.o ./base_framework/application/daemon.o  ./devices.o   
arm-xilinx-linux-gnueabi-ar: creating libextension_framework.elf
Finished building target: libextension_framework.elf
 
Invoking: ARM Linux Print Size
arm-xilinx-linux-gnueabi-size libextension_framework.elf  |tee "libextension_framework.elf.size"
   text	   data	    bss	    dec	    hex	filename
   1144	      4	      4	   1152	    480	tcpserver.o (ex libextension_framework.elf)
  11328	      4	      4	  11336	   2c48	tcpsocket.o (ex libextension_framework.elf)
   2176	      0	      0	   2176	    880	joystick.o (ex libextension_framework.elf)
   6828	      0	      0	   6828	   1aac	commander.o (ex libextension_framework.elf)
  10360	      0	     16	  10376	   2888	device.o (ex libextension_framework.elf)
   1484	      0	      0	   1484	    5cc	devicehandler.o (ex libextension_framework.elf)
   7556	      0	      0	   7556	   1d84	application.o (ex libextension_framework.elf)
    516	      0	      0	    516	    204	daemon.o (ex libextension_framework.elf)
   3160	      0	      0	   3160	    c58	devices.o (ex libextension_framework.elf)
Finished building: libextension_framework.elf.size
 

21:15:12 Build Finished (took 433ms)

