09:23:40 **** Build of configuration Debug for project extension_framework ****
make all 
Building file: /home/yarib/ZYBO_projects/app-workspace/base_framework/network/tcpserver.cpp
Invoking: ARM Linux g++ compiler
arm-xilinx-linux-gnueabi-g++ -Wall -O0 -g3 -I"/home/yarib/ZYBO_projects/app-workspace/base_framework" -c -fmessage-length=0 -MT"base_framework/network/tcpserver.o" -MMD -MP -MF"base_framework/network/tcpserver.d" -MT"base_framework/network/tcpserver.d" -o "base_framework/network/tcpserver.o" "/home/yarib/ZYBO_projects/app-workspace/base_framework/network/tcpserver.cpp"
Finished building: /home/yarib/ZYBO_projects/app-workspace/base_framework/network/tcpserver.cpp
 
Building file: /home/yarib/ZYBO_projects/app-workspace/base_framework/network/tcpsocket.cpp
Invoking: ARM Linux g++ compiler
arm-xilinx-linux-gnueabi-g++ -Wall -O0 -g3 -I"/home/yarib/ZYBO_projects/app-workspace/base_framework" -c -fmessage-length=0 -MT"base_framework/network/tcpsocket.o" -MMD -MP -MF"base_framework/network/tcpsocket.d" -MT"base_framework/network/tcpsocket.d" -o "base_framework/network/tcpsocket.o" "/home/yarib/ZYBO_projects/app-workspace/base_framework/network/tcpsocket.cpp"
Finished building: /home/yarib/ZYBO_projects/app-workspace/base_framework/network/tcpsocket.cpp
 
Building file: /home/yarib/ZYBO_projects/app-workspace/base_framework/hid/joystick.cpp
Invoking: ARM Linux g++ compiler
arm-xilinx-linux-gnueabi-g++ -Wall -O0 -g3 -I"/home/yarib/ZYBO_projects/app-workspace/base_framework" -c -fmessage-length=0 -MT"base_framework/hid/joystick.o" -MMD -MP -MF"base_framework/hid/joystick.d" -MT"base_framework/hid/joystick.d" -o "base_framework/hid/joystick.o" "/home/yarib/ZYBO_projects/app-workspace/base_framework/hid/joystick.cpp"
Finished building: /home/yarib/ZYBO_projects/app-workspace/base_framework/hid/joystick.cpp
 
Building file: /home/yarib/ZYBO_projects/app-workspace/base_framework/device/commander.cpp
Invoking: ARM Linux g++ compiler
arm-xilinx-linux-gnueabi-g++ -Wall -O0 -g3 -I"/home/yarib/ZYBO_projects/app-workspace/base_framework" -c -fmessage-length=0 -MT"base_framework/device/commander.o" -MMD -MP -MF"base_framework/device/commander.d" -MT"base_framework/device/commander.d" -o "base_framework/device/commander.o" "/home/yarib/ZYBO_projects/app-workspace/base_framework/device/commander.cpp"
Finished building: /home/yarib/ZYBO_projects/app-workspace/base_framework/device/commander.cpp
 
Building file: /home/yarib/ZYBO_projects/app-workspace/base_framework/device/device.cpp
Invoking: ARM Linux g++ compiler
arm-xilinx-linux-gnueabi-g++ -Wall -O0 -g3 -I"/home/yarib/ZYBO_projects/app-workspace/base_framework" -c -fmessage-length=0 -MT"base_framework/device/device.o" -MMD -MP -MF"base_framework/device/device.d" -MT"base_framework/device/device.d" -o "base_framework/device/device.o" "/home/yarib/ZYBO_projects/app-workspace/base_framework/device/device.cpp"
Finished building: /home/yarib/ZYBO_projects/app-workspace/base_framework/device/device.cpp
 
Building file: /home/yarib/ZYBO_projects/app-workspace/base_framework/device/devicehandler.cpp
Invoking: ARM Linux g++ compiler
arm-xilinx-linux-gnueabi-g++ -Wall -O0 -g3 -I"/home/yarib/ZYBO_projects/app-workspace/base_framework" -c -fmessage-length=0 -MT"base_framework/device/devicehandler.o" -MMD -MP -MF"base_framework/device/devicehandler.d" -MT"base_framework/device/devicehandler.d" -o "base_framework/device/devicehandler.o" "/home/yarib/ZYBO_projects/app-workspace/base_framework/device/devicehandler.cpp"
Finished building: /home/yarib/ZYBO_projects/app-workspace/base_framework/device/devicehandler.cpp
 
Building file: /home/yarib/ZYBO_projects/app-workspace/base_framework/application/application.cpp
Invoking: ARM Linux g++ compiler
arm-xilinx-linux-gnueabi-g++ -Wall -O0 -g3 -I"/home/yarib/ZYBO_projects/app-workspace/base_framework" -c -fmessage-length=0 -MT"base_framework/application/application.o" -MMD -MP -MF"base_framework/application/application.d" -MT"base_framework/application/application.d" -o "base_framework/application/application.o" "/home/yarib/ZYBO_projects/app-workspace/base_framework/application/application.cpp"
Finished building: /home/yarib/ZYBO_projects/app-workspace/base_framework/application/application.cpp
 
Building file: /home/yarib/ZYBO_projects/app-workspace/base_framework/application/daemon.cpp
Invoking: ARM Linux g++ compiler
arm-xilinx-linux-gnueabi-g++ -Wall -O0 -g3 -I"/home/yarib/ZYBO_projects/app-workspace/base_framework" -c -fmessage-length=0 -MT"base_framework/application/daemon.o" -MMD -MP -MF"base_framework/application/daemon.d" -MT"base_framework/application/daemon.d" -o "base_framework/application/daemon.o" "/home/yarib/ZYBO_projects/app-workspace/base_framework/application/daemon.cpp"
Finished building: /home/yarib/ZYBO_projects/app-workspace/base_framework/application/daemon.cpp
 
Building file: ../devices.cpp
Invoking: ARM Linux g++ compiler
arm-xilinx-linux-gnueabi-g++ -Wall -O0 -g3 -I"/home/yarib/ZYBO_projects/app-workspace/base_framework" -c -fmessage-length=0 -MT"devices.o" -MMD -MP -MF"devices.d" -MT"devices.d" -o "devices.o" "../devices.cpp"
Finished building: ../devices.cpp
 
Building target: libextension_framework.elf
Invoking: ARM Linux archiver
arm-xilinx-linux-gnueabi-ar -r  "libextension_framework.elf"  ./base_framework/network/tcpserver.o ./base_framework/network/tcpsocket.o  ./base_framework/hid/joystick.o  ./base_framework/device/commander.o ./base_framework/device/device.o ./base_framework/device/devicehandler.o  ./base_framework/application/application.o ./base_framework/application/daemon.o  ./devices.o   
arm-xilinx-linux-gnueabi-ar: creating libextension_framework.elf
Finished building target: libextension_framework.elf
 
Invoking: ARM Linux Print Size
arm-xilinx-linux-gnueabi-size libextension_framework.elf  |tee "libextension_framework.elf.size"
   text	   data	    bss	    dec	    hex	filename
   1144	      4	      4	   1152	    480	tcpserver.o (ex libextension_framework.elf)
  11328	      4	      4	  11336	   2c48	tcpsocket.o (ex libextension_framework.elf)
   2176	      0	      0	   2176	    880	joystick.o (ex libextension_framework.elf)
   6812	      0	      0	   6812	   1a9c	commander.o (ex libextension_framework.elf)
  10360	      0	     16	  10376	   2888	device.o (ex libextension_framework.elf)
   1484	      0	      0	   1484	    5cc	devicehandler.o (ex libextension_framework.elf)
   7556	      0	      0	   7556	   1d84	application.o (ex libextension_framework.elf)
    516	      0	      0	    516	    204	daemon.o (ex libextension_framework.elf)
   3160	      0	      0	   3160	    c58	devices.o (ex libextension_framework.elf)
Finished building: libextension_framework.elf.size
 

09:23:42 Build Finished (took 1s.727ms)

