20:40:13 **** Clean-only build of configuration Debug for project platform ****
make clean 
rm -rf  ./platform/devices.o  ./framework/network/tcpserver.o ./framework/network/tcpsocket.o  ./framework/hid/joystick.o  ./framework/device/commander.o ./framework/device/device.o ./framework/device/devicehandler.o  ./framework/application/application.o ./framework/application/daemon.o  ./platform/devices.d  ./framework/network/tcpserver.d ./framework/network/tcpsocket.d  ./framework/hid/joystick.d  ./framework/device/commander.d ./framework/device/device.d ./framework/device/devicehandler.d  ./framework/application/application.d ./framework/application/daemon.d  libplatform.elf.size  libplatform.elf
 
20:40:14 **** Build of configuration Debug for project platform ****
make all 
Building file: ../platform/devices.cpp
Invoking: ARM Linux g++ compiler
arm-xilinx-linux-gnueabi-g++ -Wall -O0 -g3 -I/home/yarib/ZYBO_projects/app-workspace/framework -c -fmessage-length=0 -MT"platform/devices.o" -MMD -MP -MF"platform/devices.d" -MT"platform/devices.d" -o "platform/devices.o" "../platform/devices.cpp"
Finished building: ../platform/devices.cpp
 
Building file: /home/yarib/ZYBO_projects/app-workspace/framework/framework/network/tcpserver.cpp
Invoking: ARM Linux g++ compiler
arm-xilinx-linux-gnueabi-g++ -Wall -O0 -g3 -I/home/yarib/ZYBO_projects/app-workspace/framework -c -fmessage-length=0 -MT"framework/network/tcpserver.o" -MMD -MP -MF"framework/network/tcpserver.d" -MT"framework/network/tcpserver.d" -o "framework/network/tcpserver.o" "/home/yarib/ZYBO_projects/app-workspace/framework/framework/network/tcpserver.cpp"
Finished building: /home/yarib/ZYBO_projects/app-workspace/framework/framework/network/tcpserver.cpp
 
Building file: /home/yarib/ZYBO_projects/app-workspace/framework/framework/network/tcpsocket.cpp
Invoking: ARM Linux g++ compiler
arm-xilinx-linux-gnueabi-g++ -Wall -O0 -g3 -I/home/yarib/ZYBO_projects/app-workspace/framework -c -fmessage-length=0 -MT"framework/network/tcpsocket.o" -MMD -MP -MF"framework/network/tcpsocket.d" -MT"framework/network/tcpsocket.d" -o "framework/network/tcpsocket.o" "/home/yarib/ZYBO_projects/app-workspace/framework/framework/network/tcpsocket.cpp"
Finished building: /home/yarib/ZYBO_projects/app-workspace/framework/framework/network/tcpsocket.cpp
 
Building file: /home/yarib/ZYBO_projects/app-workspace/framework/framework/hid/joystick.cpp
Invoking: ARM Linux g++ compiler
arm-xilinx-linux-gnueabi-g++ -Wall -O0 -g3 -I/home/yarib/ZYBO_projects/app-workspace/framework -c -fmessage-length=0 -MT"framework/hid/joystick.o" -MMD -MP -MF"framework/hid/joystick.d" -MT"framework/hid/joystick.d" -o "framework/hid/joystick.o" "/home/yarib/ZYBO_projects/app-workspace/framework/framework/hid/joystick.cpp"
Finished building: /home/yarib/ZYBO_projects/app-workspace/framework/framework/hid/joystick.cpp
 
Building file: /home/yarib/ZYBO_projects/app-workspace/framework/framework/device/commander.cpp
Invoking: ARM Linux g++ compiler
arm-xilinx-linux-gnueabi-g++ -Wall -O0 -g3 -I/home/yarib/ZYBO_projects/app-workspace/framework -c -fmessage-length=0 -MT"framework/device/commander.o" -MMD -MP -MF"framework/device/commander.d" -MT"framework/device/commander.d" -o "framework/device/commander.o" "/home/yarib/ZYBO_projects/app-workspace/framework/framework/device/commander.cpp"
Finished building: /home/yarib/ZYBO_projects/app-workspace/framework/framework/device/commander.cpp
 
Building file: /home/yarib/ZYBO_projects/app-workspace/framework/framework/device/device.cpp
Invoking: ARM Linux g++ compiler
arm-xilinx-linux-gnueabi-g++ -Wall -O0 -g3 -I/home/yarib/ZYBO_projects/app-workspace/framework -c -fmessage-length=0 -MT"framework/device/device.o" -MMD -MP -MF"framework/device/device.d" -MT"framework/device/device.d" -o "framework/device/device.o" "/home/yarib/ZYBO_projects/app-workspace/framework/framework/device/device.cpp"
Finished building: /home/yarib/ZYBO_projects/app-workspace/framework/framework/device/device.cpp
 
Building file: /home/yarib/ZYBO_projects/app-workspace/framework/framework/device/devicehandler.cpp
Invoking: ARM Linux g++ compiler
arm-xilinx-linux-gnueabi-g++ -Wall -O0 -g3 -I/home/yarib/ZYBO_projects/app-workspace/framework -c -fmessage-length=0 -MT"framework/device/devicehandler.o" -MMD -MP -MF"framework/device/devicehandler.d" -MT"framework/device/devicehandler.d" -o "framework/device/devicehandler.o" "/home/yarib/ZYBO_projects/app-workspace/framework/framework/device/devicehandler.cpp"
Finished building: /home/yarib/ZYBO_projects/app-workspace/framework/framework/device/devicehandler.cpp
 
Building file: /home/yarib/ZYBO_projects/app-workspace/framework/framework/application/application.cpp
Invoking: ARM Linux g++ compiler
arm-xilinx-linux-gnueabi-g++ -Wall -O0 -g3 -I/home/yarib/ZYBO_projects/app-workspace/framework -c -fmessage-length=0 -MT"framework/application/application.o" -MMD -MP -MF"framework/application/application.d" -MT"framework/application/application.d" -o "framework/application/application.o" "/home/yarib/ZYBO_projects/app-workspace/framework/framework/application/application.cpp"
Finished building: /home/yarib/ZYBO_projects/app-workspace/framework/framework/application/application.cpp
 
Building file: /home/yarib/ZYBO_projects/app-workspace/framework/framework/application/daemon.cpp
Invoking: ARM Linux g++ compiler
arm-xilinx-linux-gnueabi-g++ -Wall -O0 -g3 -I/home/yarib/ZYBO_projects/app-workspace/framework -c -fmessage-length=0 -MT"framework/application/daemon.o" -MMD -MP -MF"framework/application/daemon.d" -MT"framework/application/daemon.d" -o "framework/application/daemon.o" "/home/yarib/ZYBO_projects/app-workspace/framework/framework/application/daemon.cpp"
Finished building: /home/yarib/ZYBO_projects/app-workspace/framework/framework/application/daemon.cpp
 
Building target: libplatform.elf
Invoking: ARM Linux archiver
arm-xilinx-linux-gnueabi-ar -r  "libplatform.elf"  ./platform/devices.o  ./framework/network/tcpserver.o ./framework/network/tcpsocket.o  ./framework/hid/joystick.o  ./framework/device/commander.o ./framework/device/device.o ./framework/device/devicehandler.o  ./framework/application/application.o ./framework/application/daemon.o   
arm-xilinx-linux-gnueabi-ar: creating libplatform.elf
Finished building target: libplatform.elf
 
Invoking: ARM Linux Print Size
arm-xilinx-linux-gnueabi-size libplatform.elf  |tee "libplatform.elf.size"
   text	   data	    bss	    dec	    hex	filename
   3160	      0	      0	   3160	    c58	devices.o (ex libplatform.elf)
   1144	      4	      4	   1152	    480	tcpserver.o (ex libplatform.elf)
  11328	      4	      4	  11336	   2c48	tcpsocket.o (ex libplatform.elf)
   2176	      0	      0	   2176	    880	joystick.o (ex libplatform.elf)
   6768	      0	      0	   6768	   1a70	commander.o (ex libplatform.elf)
  10364	      0	     16	  10380	   288c	device.o (ex libplatform.elf)
   1484	      0	      0	   1484	    5cc	devicehandler.o (ex libplatform.elf)
   7556	      0	      0	   7556	   1d84	application.o (ex libplatform.elf)
    516	      0	      0	    516	    204	daemon.o (ex libplatform.elf)
Finished building: libplatform.elf.size
 
20:41:21 **** Clean-only build of configuration Debug for project systool ****
make clean 
rm -rf  ./src/main.o ./src/systool.o  ./src/main.d ./src/systool.d  systool.elf.size  systool.elf
 
20:41:21 **** Auto Build of configuration Debug for project systool ****
make all 
Building file: ../src/main.cpp
Invoking: ARM Linux g++ compiler
arm-xilinx-linux-gnueabi-g++ -Wall -O0 -g3 -I/home/yarib/ZYBO_projects/app-workspace/platform -I/home/yarib/ZYBO_projects/app-workspace/framework -c -fmessage-length=0 -MT"src/main.o" -MMD -MP -MF"src/main.d" -MT"src/main.d" -o "src/main.o" "../src/main.cpp"
Finished building: ../src/main.cpp
 
Building file: ../src/systool.cpp
Invoking: ARM Linux g++ compiler
arm-xilinx-linux-gnueabi-g++ -Wall -O0 -g3 -I/home/yarib/ZYBO_projects/app-workspace/platform -I/home/yarib/ZYBO_projects/app-workspace/framework -c -fmessage-length=0 -MT"src/systool.o" -MMD -MP -MF"src/systool.d" -MT"src/systool.d" -o "src/systool.o" "../src/systool.cpp"
Finished building: ../src/systool.cpp
 
Building target: systool.elf
Invoking: ARM Linux g++ linker
arm-xilinx-linux-gnueabi-g++ -pthread -static -o "systool.elf"  ./src/main.o ./src/systool.o   
./src/systool.o: In function `SystemTool::SystemTool(int, char**)':
/home/yarib/ZYBO_projects/app-workspace/systool/Debug/../src/systool.cpp:27: undefined reference to `Application::Application(int, char**)'
./src/systool.o: In function `SystemTool::remote_commander(unsigned short)':
/home/yarib/ZYBO_projects/app-workspace/systool/Debug/../src/systool.cpp:39: undefined reference to `TcpServer::TcpServer(unsigned short)'
/home/yarib/ZYBO_projects/app-workspace/systool/Debug/../src/systool.cpp:42: undefined reference to `TcpServer::prepare()'
/home/yarib/ZYBO_projects/app-workspace/systool/Debug/../src/systool.cpp:46: undefined reference to `TcpServer::accept_connection()'
/home/yarib/ZYBO_projects/app-workspace/systool/Debug/../src/systool.cpp:55: undefined reference to `Commander::execute(std::string, std::string&)'
./src/systool.o: In function `SystemTool::local_commander()':
/home/yarib/ZYBO_projects/app-workspace/systool/Debug/../src/systool.cpp:85: undefined reference to `Commander::execute(std::string, std::string&)'
./src/systool.o: In function `SystemTool::device_scanning()':
/home/yarib/ZYBO_projects/app-workspace/systool/Debug/../src/systool.cpp:95: undefined reference to `Device::get_instanceVector()'
/home/yarib/ZYBO_projects/app-workspace/systool/Debug/../src/systool.cpp:104: undefined reference to `Device::read(unsigned int*)'
/home/yarib/ZYBO_projects/app-workspace/systool/Debug/../src/systool.cpp:106: undefined reference to `Device::get_name()'
./src/systool.o: In function `SystemTool::joystick_controller()':
/home/yarib/ZYBO_projects/app-workspace/systool/Debug/../src/systool.cpp:119: undefined reference to `Joystick::Joystick(char const*)'
/home/yarib/ZYBO_projects/app-workspace/systool/Debug/../src/systool.cpp:127: undefined reference to `Joystick::open_device()'
/home/yarib/ZYBO_projects/app-workspace/systool/Debug/../src/systool.cpp:128: undefined reference to `Joystick::get_number_of_buttons()'
/home/yarib/ZYBO_projects/app-workspace/systool/Debug/../src/systool.cpp:129: undefined reference to `Joystick::get_number_of_axis()'
/home/yarib/ZYBO_projects/app-workspace/systool/Debug/../src/systool.cpp:136: undefined reference to `Joystick::get_button_value(int)'
/home/yarib/ZYBO_projects/app-workspace/systool/Debug/../src/systool.cpp:141: undefined reference to `Joystick::get_axis_value(int)'
/home/yarib/ZYBO_projects/app-workspace/systool/Debug/../src/systool.cpp:145: undefined reference to `Joystick::get_axis_value(int)'
makefile:48: recipe for target 'systool.elf' failed
/home/yarib/ZYBO_projects/app-workspace/systool/Debug/../src/systool.cpp:145: undefined reference to `Device::write(unsigned int)'
/home/yarib/ZYBO_projects/app-workspace/systool/Debug/../src/systool.cpp:146: undefined reference to `Joystick::get_axis_value(int)'
/home/yarib/ZYBO_projects/app-workspace/systool/Debug/../src/systool.cpp:146: undefined reference to `Device::write(unsigned int)'
/home/yarib/ZYBO_projects/app-workspace/systool/Debug/../src/systool.cpp:147: undefined reference to `Joystick::get_axis_value(int)'
/home/yarib/ZYBO_projects/app-workspace/systool/Debug/../src/systool.cpp:147: undefined reference to `Device::write(unsigned int)'
/home/yarib/ZYBO_projects/app-workspace/systool/Debug/../src/systool.cpp:148: undefined reference to `Joystick::get_button_value(int)'
/home/yarib/ZYBO_projects/app-workspace/systool/Debug/../src/systool.cpp:148: undefined reference to `Device::write(unsigned int)'
/home/yarib/ZYBO_projects/app-workspace/systool/Debug/../src/systool.cpp:149: undefined reference to `Joystick::get_button_value(int)'
/home/yarib/ZYBO_projects/app-workspace/systool/Debug/../src/systool.cpp:149: undefined reference to `Device::write(unsigned int)'
/home/yarib/ZYBO_projects/app-workspace/systool/Debug/../src/systool.cpp:150: undefined reference to `Joystick::get_button_value(int)'
/home/yarib/ZYBO_projects/app-workspace/systool/Debug/../src/systool.cpp:150: undefined reference to `Device::write(unsigned int)'
/home/yarib/ZYBO_projects/app-workspace/systool/Debug/../src/systool.cpp:151: undefined reference to `Joystick::get_button_value(int)'
/home/yarib/ZYBO_projects/app-workspace/systool/Debug/../src/systool.cpp:151: undefined reference to `Device::write(unsigned int)'
/home/yarib/ZYBO_projects/app-workspace/systool/Debug/../src/systool.cpp:152: undefined reference to `Joystick::get_button_value(int)'
/home/yarib/ZYBO_projects/app-workspace/systool/Debug/../src/systool.cpp:152: undefined reference to `Device::write(unsigned int)'
/home/yarib/ZYBO_projects/app-workspace/systool/Debug/../src/systool.cpp:153: undefined reference to `Joystick::get_button_value(int)'
/home/yarib/ZYBO_projects/app-workspace/systool/Debug/../src/systool.cpp:153: undefined reference to `Device::write(unsigned int)'
/home/yarib/ZYBO_projects/app-workspace/systool/Debug/../src/systool.cpp:154: undefined reference to `Joystick::get_button_value(int)'
/home/yarib/ZYBO_projects/app-workspace/systool/Debug/../src/systool.cpp:154: undefined reference to `Device::write(unsigned int)'
/home/yarib/ZYBO_projects/app-workspace/systool/Debug/../src/systool.cpp:155: undefined reference to `Joystick::get_button_value(int)'
/home/yarib/ZYBO_projects/app-workspace/systool/Debug/../src/systool.cpp:155: undefined reference to `Device::write(unsigned int)'
/home/yarib/ZYBO_projects/app-workspace/systool/Debug/../src/systool.cpp:157: undefined reference to `Joystick::close_device()'
/home/yarib/ZYBO_projects/app-workspace/systool/Debug/../src/systool.cpp:160: undefined reference to `Joystick::~Joystick()'
/home/yarib/ZYBO_projects/app-workspace/systool/Debug/../src/systool.cpp:160: undefined reference to `Joystick::~Joystick()'
./src/systool.o: In function `SystemTool::run()':
/home/yarib/ZYBO_projects/app-workspace/systool/Debug/../src/systool.cpp:170: undefined reference to `Application::passed_arg()'
/home/yarib/ZYBO_projects/app-workspace/systool/Debug/../src/systool.cpp:172: undefined reference to `Application::passed_arg(int)'
/home/yarib/ZYBO_projects/app-workspace/systool/Debug/../src/systool.cpp:174: undefined reference to `Application::passed_arg()'
/home/yarib/ZYBO_projects/app-workspace/systool/Debug/../src/systool.cpp:176: undefined reference to `Application::passed_arg(int)'
./src/systool.o: In function `SystemTool::~SystemTool()':
/home/yarib/ZYBO_projects/app-workspace/systool/Debug/../src/systool.cpp:218: undefined reference to `Application::~Application()'
./src/systool.o: In function `__static_initialization_and_destruction_0':
/home/yarib/ZYBO_projects/app-workspace/platform/platform/zybo.hpp:26: undefined reference to `DeviceHandler::DeviceHandler(char const*)'
/home/yarib/ZYBO_projects/app-workspace/platform/platform/zybo.hpp:26: undefined reference to `DeviceHandler::~DeviceHandler()'
/home/yarib/ZYBO_projects/app-workspace/platform/platform/zybo.hpp:26: undefined reference to `DeviceHandler::~DeviceHandler()'
/home/yarib/ZYBO_projects/app-workspace/platform/platform/zybo.hpp:27: undefined reference to `DeviceHandler::DeviceHandler(char const*)'
/home/yarib/ZYBO_projects/app-workspace/platform/platform/zybo.hpp:27: undefined reference to `DeviceHandler::~DeviceHandler()'
/home/yarib/ZYBO_projects/app-workspace/platform/platform/zybo.hpp:27: undefined reference to `DeviceHandler::~DeviceHandler()'
/home/yarib/ZYBO_projects/app-workspace/platform/platform/zybo.hpp:28: undefined reference to `DeviceHandler::DeviceHandler(char const*)'
/home/yarib/ZYBO_projects/app-workspace/platform/platform/zybo.hpp:28: undefined reference to `DeviceHandler::~DeviceHandler()'
/home/yarib/ZYBO_projects/app-workspace/platform/platform/zybo.hpp:28: undefined reference to `DeviceHandler::~DeviceHandler()'
/home/yarib/ZYBO_projects/app-workspace/platform/platform/zybo.hpp:29: undefined reference to `DeviceHandler::DeviceHandler(char const*)'
/home/yarib/ZYBO_projects/app-workspace/platform/platform/zybo.hpp:29: undefined reference to `DeviceHandler::~DeviceHandler()'
/home/yarib/ZYBO_projects/app-workspace/platform/platform/zybo.hpp:29: undefined reference to `DeviceHandler::~DeviceHandler()'
/home/yarib/ZYBO_projects/app-workspace/platform/platform/zybo.hpp:30: undefined reference to `DeviceHandler::DeviceHandler(char const*)'
/home/yarib/ZYBO_projects/app-workspace/platform/platform/zybo.hpp:30: undefined reference to `DeviceHandler::~DeviceHandler()'
/home/yarib/ZYBO_projects/app-workspace/platform/platform/zybo.hpp:30: undefined reference to `DeviceHandler::~DeviceHandler()'
./src/systool.o: In function `__static_initialization_and_destruction_0':
/home/yarib/ZYBO_projects/app-workspace/platform/platform/systembox.hpp:21: undefined reference to `LevelSensor::LevelSensor(DeviceHandler*, DeviceIdentity*)'
/home/yarib/ZYBO_projects/app-workspace/platform/platform/systembox.hpp:22: undefined reference to `LevelSensor::LevelSensor(DeviceHandler*, DeviceIdentity*)'
/home/yarib/ZYBO_projects/app-workspace/platform/platform/systembox.hpp:23: undefined reference to `LevelSensor::LevelSensor(DeviceHandler*, DeviceIdentity*)'
/home/yarib/ZYBO_projects/app-workspace/platform/platform/systembox.hpp:24: undefined reference to `LeakageSensor::LeakageSensor(DeviceHandler*, DeviceIdentity*)'
/home/yarib/ZYBO_projects/app-workspace/platform/platform/systembox.hpp:25: undefined reference to `LeakageSensor::LeakageSensor(DeviceHandler*, DeviceIdentity*)'
/home/yarib/ZYBO_projects/app-workspace/platform/platform/systembox.hpp:26: undefined reference to `IRSensor::IRSensor(DeviceHandler*, DeviceIdentity*)'
/home/yarib/ZYBO_projects/app-workspace/platform/platform/systembox.hpp:27: undefined reference to `Valve::Valve(DeviceHandler*, DeviceIdentity*)'
/home/yarib/ZYBO_projects/app-workspace/platform/platform/systembox.hpp:28: undefined reference to `Valve::Valve(DeviceHandler*, DeviceIdentity*)'
/home/yarib/ZYBO_projects/app-workspace/platform/platform/systembox.hpp:29: undefined reference to `Valve::Valve(DeviceHandler*, DeviceIdentity*)'
/home/yarib/ZYBO_projects/app-workspace/platform/platform/systembox.hpp:30: undefined reference to `InputPin::InputPin(DeviceHandler*, DeviceIdentity*)'
/home/yarib/ZYBO_projects/app-workspace/platform/platform/systembox.hpp:31: undefined reference to `InputVector::InputVector(DeviceHandler*, DeviceIdentity*)'
/home/yarib/ZYBO_projects/app-workspace/platform/platform/systembox.hpp:32: undefined reference to `InputVector::InputVector(DeviceHandler*, DeviceIdentity*)'
/home/yarib/ZYBO_projects/app-workspace/platform/platform/systembox.hpp:33: undefined reference to `InputVector::InputVector(DeviceHandler*, DeviceIdentity*)'
/home/yarib/ZYBO_projects/app-workspace/platform/platform/systembox.hpp:34: undefined reference to `OutputPin::OutputPin(DeviceHandler*, DeviceIdentity*)'
/home/yarib/ZYBO_projects/app-workspace/platform/platform/systembox.hpp:35: undefined reference to `OutputPin::OutputPin(DeviceHandler*, DeviceIdentity*)'
/home/yarib/ZYBO_projects/app-workspace/platform/platform/systembox.hpp:36: undefined reference to `OutputPin::OutputPin(DeviceHandler*, DeviceIdentity*)'
/home/yarib/ZYBO_projects/app-workspace/platform/platform/systembox.hpp:37: undefined reference to `OutputVector::OutputVector(DeviceHandler*, DeviceIdentity*)'
/home/yarib/ZYBO_projects/app-workspace/platform/platform/systembox.hpp:38: undefined reference to `OutputVector::OutputVector(DeviceHandler*, DeviceIdentity*)'
/home/yarib/ZYBO_projects/app-workspace/platform/platform/systembox.hpp:39: undefined reference to `OutputPin::OutputPin(DeviceHandler*, DeviceIdentity*)'
/home/yarib/ZYBO_projects/app-workspace/platform/platform/systembox.hpp:40: undefined reference to `OutputPin::OutputPin(DeviceHandler*, DeviceIdentity*)'
/home/yarib/ZYBO_projects/app-workspace/platform/platform/systembox.hpp:41: undefined reference to `InputVector::InputVector(DeviceHandler*, DeviceIdentity*)'
/home/yarib/ZYBO_projects/app-workspace/platform/platform/systembox.hpp:42: undefined reference to `InputVector::InputVector(DeviceHandler*, DeviceIdentity*)'
/home/yarib/ZYBO_projects/app-workspace/platform/platform/systembox.hpp:43: undefined reference to `InputVector::InputVector(DeviceHandler*, DeviceIdentity*)'
/home/yarib/ZYBO_projects/app-workspace/platform/platform/systembox.hpp:44: undefined reference to `InputVector::InputVector(DeviceHandler*, DeviceIdentity*)'
/home/yarib/ZYBO_projects/app-workspace/platform/platform/systembox.hpp:45: undefined reference to `InputVector::InputVector(DeviceHandler*, DeviceIdentity*)'
./src/systool.o:/home/yarib/ZYBO_projects/app-workspace/platform/platform/systembox.hpp:46: more undefined references to `InputVector::InputVector(DeviceHandler*, DeviceIdentity*)' follow
./src/systool.o: In function `__static_initialization_and_destruction_0':
/home/yarib/ZYBO_projects/app-workspace/platform/platform/systembox.hpp:47: undefined reference to `OutputVector::OutputVector(DeviceHandler*, DeviceIdentity*)'
./src/systool.o: In function `.LC49':
systool.cpp:(.rodata+0x38c): undefined reference to `typeinfo for Application'
./src/systool.o: In function `LevelSensor::~LevelSensor()':
/home/yarib/ZYBO_projects/app-workspace/platform/platform/devices.hpp:15: undefined reference to `Device::~Device()'
./src/systool.o: In function `LeakageSensor::~LeakageSensor()':
/home/yarib/ZYBO_projects/app-workspace/platform/platform/devices.hpp:31: undefined reference to `Device::~Device()'
./src/systool.o: In function `IRSensor::~IRSensor()':
/home/yarib/ZYBO_projects/app-workspace/platform/platform/devices.hpp:47: undefined reference to `Device::~Device()'
./src/systool.o: In function `Valve::~Valve()':
/home/yarib/ZYBO_projects/app-workspace/platform/platform/devices.hpp:63: undefined reference to `Device::~Device()'
./src/systool.o: In function `InputPin::~InputPin()':
/home/yarib/ZYBO_projects/app-workspace/platform/platform/devices.hpp:96: undefined reference to `Device::~Device()'
./src/systool.o:/home/yarib/ZYBO_projects/app-workspace/platform/platform/devices.hpp:122: more undefined references to `Device::~Device()' follow
./src/systool.o:(.rodata._ZTI9OutputPin[_ZTI9OutputPin]+0x8): undefined reference to `typeinfo for Device'
./src/systool.o:(.rodata._ZTI5Valve[_ZTI5Valve]+0x8): undefined reference to `typeinfo for Device'
./src/systool.o:(.rodata._ZTI8IRSensor[_ZTI8IRSensor]+0x8): undefined reference to `typeinfo for Device'
./src/systool.o:(.rodata._ZTI13LeakageSensor[_ZTI13LeakageSensor]+0x8): undefined reference to `typeinfo for Device'
./src/systool.o:(.rodata._ZTI11LevelSensor[_ZTI11LevelSensor]+0x8): undefined reference to `typeinfo for Device'
./src/systool.o:(.rodata._ZTI11InputVector[_ZTI11InputVector]+0x8): more undefined references to `typeinfo for Device' follow
collect2: error: ld returned 1 exit status
make: *** [systool.elf] Error 1
20:41:30 **** Auto Build of configuration Debug for project systool ****
make all 
Building file: ../src/systool.cpp
Invoking: ARM Linux g++ compiler
arm-xilinx-linux-gnueabi-g++ -Wall -O0 -g3 -I/home/yarib/ZYBO_projects/app-workspace/platform -I/home/yarib/ZYBO_projects/app-workspace/framework -c -fmessage-length=0 -MT"src/systool.o" -MMD -MP -MF"src/systool.d" -MT"src/systool.d" -o "src/systool.o" "../src/systool.cpp"
Finished building: ../src/systool.cpp
 
Building file: /home/yarib/ZYBO_projects/app-workspace/platform/platform/devices.cpp
Invoking: ARM Linux g++ compiler
arm-xilinx-linux-gnueabi-g++ -Wall -O0 -g3 -I/home/yarib/ZYBO_projects/app-workspace/platform -I/home/yarib/ZYBO_projects/app-workspace/framework -c -fmessage-length=0 -MT"platform/platform/devices.o" -MMD -MP -MF"platform/platform/devices.d" -MT"platform/platform/devices.d" -o "platform/platform/devices.o" "/home/yarib/ZYBO_projects/app-workspace/platform/platform/devices.cpp"
Finished building: /home/yarib/ZYBO_projects/app-workspace/platform/platform/devices.cpp
 
Building target: systool.elf
Invoking: ARM Linux g++ linker
arm-xilinx-linux-gnueabi-g++ -pthread -static -o "systool.elf"  ./src/main.o ./src/systool.o  ./platform/platform/devices.o   
./src/systool.o: In function `SystemTool::SystemTool(int, char**)':
/home/yarib/ZYBO_projects/app-workspace/systool/Debug/../src/systool.cpp:27: undefined reference to `Application::Application(int, char**)'
./src/systool.o: In function `SystemTool::remote_commander(unsigned short)':
/home/yarib/ZYBO_projects/app-workspace/systool/Debug/../src/systool.cpp:39: undefined reference to `TcpServer::TcpServer(unsigned short)'
/home/yarib/ZYBO_projects/app-workspace/systool/Debug/../src/systool.cpp:42: undefined reference to `TcpServer::prepare()'
/home/yarib/ZYBO_projects/app-workspace/systool/Debug/../src/systool.cpp:46: undefined reference to `TcpServer::accept_connection()'
/home/yarib/ZYBO_projects/app-workspace/systool/Debug/../src/systool.cpp:55: undefined reference to `Commander::execute(std::string, std::string&)'
./src/systool.o: In function `SystemTool::local_commander()':
/home/yarib/ZYBO_projects/app-workspace/systool/Debug/../src/systool.cpp:85: undefined reference to `Commander::execute(std::string, std::string&)'
./src/systool.o: In function `SystemTool::device_scanning()':
/home/yarib/ZYBO_projects/app-workspace/systool/Debug/../src/systool.cpp:95: undefined reference to `Device::get_instanceVector()'
/home/yarib/ZYBO_projects/app-workspace/systool/Debug/../src/systool.cpp:104: undefined reference to `Device::read(unsigned int*)'
/home/yarib/ZYBO_projects/app-workspace/systool/Debug/../src/systool.cpp:106: undefined reference to `Device::get_name()'
./src/systool.o: In function `SystemTool::joystick_controller()':
/home/yarib/ZYBO_projects/app-workspace/systool/Debug/../src/systool.cpp:119: undefined reference to `Joystick::Joystick(char const*)'
/home/yarib/ZYBO_projects/app-workspace/systool/Debug/../src/systool.cpp:127: undefined reference to `Joystick::open_device()'
/home/yarib/ZYBO_projects/app-workspace/systool/Debug/../src/systool.cpp:128: undefined reference to `Joystick::get_number_of_buttons()'
/home/yarib/ZYBO_projects/app-workspace/systool/Debug/../src/systool.cpp:129: undefined reference to `Joystick::get_number_of_axis()'
/home/yarib/ZYBO_projects/app-workspace/systool/Debug/../src/systool.cpp:136: undefined reference to `Joystick::get_button_value(int)'
/home/yarib/ZYBO_projects/app-workspace/systool/Debug/../src/systool.cpp:141: undefined reference to `Joystick::get_axis_value(int)'
/home/yarib/ZYBO_projects/app-workspace/systool/Debug/../src/systool.cpp:145: undefined reference to `Joystick::get_axis_value(int)'
/home/yarib/ZYBO_projects/app-workspace/systool/Debug/../src/systool.cpp:145: undefined reference to `Device::write(unsigned int)'
/home/yarib/ZYBO_projects/app-workspace/systool/Debug/../src/systool.cpp:146: undefined reference to `Joystick::get_axis_value(int)'
/home/yarib/ZYBO_projects/app-workspace/systool/Debug/../src/systool.cpp:146: undefined reference to `Device::write(unsigned int)'
/home/yarib/ZYBO_projects/app-workspace/systool/Debug/../src/systool.cpp:147: undefined reference to `Joystick::get_axis_value(int)'
/home/yarib/ZYBO_projects/app-workspace/systool/Debug/../src/systool.cpp:147: undefined reference to `Device::write(unsigned int)'
/home/yarib/ZYBO_projects/app-workspace/systool/Debug/../src/systool.cpp:148: undefined reference to `Joystick::get_button_value(int)'
/home/yarib/ZYBO_projects/app-workspace/systool/Debug/../src/systool.cpp:148: undefined reference to `Device::write(unsigned int)'
/home/yarib/ZYBO_projects/app-workspace/systool/Debug/../src/systool.cpp:149: undefined reference to `Joystick::get_button_value(int)'
/home/yarib/ZYBO_projects/app-workspace/systool/Debug/../src/systool.cpp:149: undefined reference to `Device::write(unsigned int)'
/home/yarib/ZYBO_projects/app-workspace/systool/Debug/../src/systool.cpp:150: undefined reference to `Joystick::get_button_value(int)'
/home/yarib/ZYBO_projects/app-workspace/systool/Debug/../src/systool.cpp:150: undefined reference to `Device::write(unsigned int)'
makefile:54: recipe for target 'systool.elf' failed
/home/yarib/ZYBO_projects/app-workspace/systool/Debug/../src/systool.cpp:151: undefined reference to `Joystick::get_button_value(int)'
/home/yarib/ZYBO_projects/app-workspace/systool/Debug/../src/systool.cpp:151: undefined reference to `Device::write(unsigned int)'
/home/yarib/ZYBO_projects/app-workspace/systool/Debug/../src/systool.cpp:152: undefined reference to `Joystick::get_button_value(int)'
/home/yarib/ZYBO_projects/app-workspace/systool/Debug/../src/systool.cpp:152: undefined reference to `Device::write(unsigned int)'
/home/yarib/ZYBO_projects/app-workspace/systool/Debug/../src/systool.cpp:153: undefined reference to `Joystick::get_button_value(int)'
/home/yarib/ZYBO_projects/app-workspace/systool/Debug/../src/systool.cpp:153: undefined reference to `Device::write(unsigned int)'
/home/yarib/ZYBO_projects/app-workspace/systool/Debug/../src/systool.cpp:154: undefined reference to `Joystick::get_button_value(int)'
/home/yarib/ZYBO_projects/app-workspace/systool/Debug/../src/systool.cpp:154: undefined reference to `Device::write(unsigned int)'
/home/yarib/ZYBO_projects/app-workspace/systool/Debug/../src/systool.cpp:155: undefined reference to `Joystick::get_button_value(int)'
/home/yarib/ZYBO_projects/app-workspace/systool/Debug/../src/systool.cpp:155: undefined reference to `Device::write(unsigned int)'
/home/yarib/ZYBO_projects/app-workspace/systool/Debug/../src/systool.cpp:157: undefined reference to `Joystick::close_device()'
/home/yarib/ZYBO_projects/app-workspace/systool/Debug/../src/systool.cpp:160: undefined reference to `Joystick::~Joystick()'
/home/yarib/ZYBO_projects/app-workspace/systool/Debug/../src/systool.cpp:160: undefined reference to `Joystick::~Joystick()'
./src/systool.o: In function `SystemTool::run()':
/home/yarib/ZYBO_projects/app-workspace/systool/Debug/../src/systool.cpp:170: undefined reference to `Application::passed_arg()'
/home/yarib/ZYBO_projects/app-workspace/systool/Debug/../src/systool.cpp:172: undefined reference to `Application::passed_arg(int)'
/home/yarib/ZYBO_projects/app-workspace/systool/Debug/../src/systool.cpp:174: undefined reference to `Application::passed_arg()'
/home/yarib/ZYBO_projects/app-workspace/systool/Debug/../src/systool.cpp:176: undefined reference to `Application::passed_arg(int)'
./src/systool.o: In function `SystemTool::~SystemTool()':
/home/yarib/ZYBO_projects/app-workspace/systool/Debug/../src/systool.cpp:218: undefined reference to `Application::~Application()'
./src/systool.o: In function `__static_initialization_and_destruction_0':
/home/yarib/ZYBO_projects/app-workspace/platform/platform/zybo.hpp:26: undefined reference to `DeviceHandler::DeviceHandler(char const*)'
/home/yarib/ZYBO_projects/app-workspace/platform/platform/zybo.hpp:26: undefined reference to `DeviceHandler::~DeviceHandler()'
/home/yarib/ZYBO_projects/app-workspace/platform/platform/zybo.hpp:26: undefined reference to `DeviceHandler::~DeviceHandler()'
/home/yarib/ZYBO_projects/app-workspace/platform/platform/zybo.hpp:27: undefined reference to `DeviceHandler::DeviceHandler(char const*)'
/home/yarib/ZYBO_projects/app-workspace/platform/platform/zybo.hpp:27: undefined reference to `DeviceHandler::~DeviceHandler()'
/home/yarib/ZYBO_projects/app-workspace/platform/platform/zybo.hpp:27: undefined reference to `DeviceHandler::~DeviceHandler()'
/home/yarib/ZYBO_projects/app-workspace/platform/platform/zybo.hpp:28: undefined reference to `DeviceHandler::DeviceHandler(char const*)'
/home/yarib/ZYBO_projects/app-workspace/platform/platform/zybo.hpp:28: undefined reference to `DeviceHandler::~DeviceHandler()'
/home/yarib/ZYBO_projects/app-workspace/platform/platform/zybo.hpp:28: undefined reference to `DeviceHandler::~DeviceHandler()'
/home/yarib/ZYBO_projects/app-workspace/platform/platform/zybo.hpp:29: undefined reference to `DeviceHandler::DeviceHandler(char const*)'
/home/yarib/ZYBO_projects/app-workspace/platform/platform/zybo.hpp:29: undefined reference to `DeviceHandler::~DeviceHandler()'
/home/yarib/ZYBO_projects/app-workspace/platform/platform/zybo.hpp:29: undefined reference to `DeviceHandler::~DeviceHandler()'
/home/yarib/ZYBO_projects/app-workspace/platform/platform/zybo.hpp:30: undefined reference to `DeviceHandler::DeviceHandler(char const*)'
/home/yarib/ZYBO_projects/app-workspace/platform/platform/zybo.hpp:30: undefined reference to `DeviceHandler::~DeviceHandler()'
/home/yarib/ZYBO_projects/app-workspace/platform/platform/zybo.hpp:30: undefined reference to `DeviceHandler::~DeviceHandler()'
./src/systool.o: In function `.LC49':
systool.cpp:(.rodata+0x38c): undefined reference to `typeinfo for Application'
./src/systool.o: In function `LevelSensor::~LevelSensor()':
/home/yarib/ZYBO_projects/app-workspace/platform/platform/devices.hpp:15: undefined reference to `Device::~Device()'
./src/systool.o: In function `LeakageSensor::~LeakageSensor()':
/home/yarib/ZYBO_projects/app-workspace/platform/platform/devices.hpp:31: undefined reference to `Device::~Device()'
./src/systool.o: In function `IRSensor::~IRSensor()':
/home/yarib/ZYBO_projects/app-workspace/platform/platform/devices.hpp:47: undefined reference to `Device::~Device()'
./src/systool.o: In function `Valve::~Valve()':
/home/yarib/ZYBO_projects/app-workspace/platform/platform/devices.hpp:63: undefined reference to `Device::~Device()'
./src/systool.o: In function `InputPin::~InputPin()':
/home/yarib/ZYBO_projects/app-workspace/platform/platform/devices.hpp:96: undefined reference to `Device::~Device()'
./src/systool.o:/home/yarib/ZYBO_projects/app-workspace/platform/platform/devices.hpp:122: more undefined references to `Device::~Device()' follow
./src/systool.o:(.rodata._ZTI9OutputPin[_ZTI9OutputPin]+0x8): undefined reference to `typeinfo for Device'
./src/systool.o:(.rodata._ZTI5Valve[_ZTI5Valve]+0x8): undefined reference to `typeinfo for Device'
./src/systool.o:(.rodata._ZTI8IRSensor[_ZTI8IRSensor]+0x8): undefined reference to `typeinfo for Device'
./src/systool.o:(.rodata._ZTI13LeakageSensor[_ZTI13LeakageSensor]+0x8): undefined reference to `typeinfo for Device'
./src/systool.o:(.rodata._ZTI11LevelSensor[_ZTI11LevelSensor]+0x8): undefined reference to `typeinfo for Device'
./src/systool.o:(.rodata._ZTI11InputVector[_ZTI11InputVector]+0x8): more undefined references to `typeinfo for Device' follow
./platform/platform/devices.o: In function `LevelSensor::LevelSensor(DeviceHandler*, DeviceIdentity*)':
/home/yarib/ZYBO_projects/app-workspace/platform/platform/devices.cpp:12: undefined reference to `Device::Device(DeviceHandler*, DeviceIdentity*)'
./platform/platform/devices.o: In function `LevelSensor::get_level()':
/home/yarib/ZYBO_projects/app-workspace/platform/platform/devices.cpp:20: undefined reference to `Device::read(unsigned int*)'
./platform/platform/devices.o: In function `LeakageSensor::LeakageSensor(DeviceHandler*, DeviceIdentity*)':
/home/yarib/ZYBO_projects/app-workspace/platform/platform/devices.cpp:33: undefined reference to `Device::Device(DeviceHandler*, DeviceIdentity*)'
./platform/platform/devices.o: In function `LeakageSensor::get_status()':
/home/yarib/ZYBO_projects/app-workspace/platform/platform/devices.cpp:41: undefined reference to `Device::read(unsigned int*)'
./platform/platform/devices.o: In function `IRSensor::IRSensor(DeviceHandler*, DeviceIdentity*)':
/home/yarib/ZYBO_projects/app-workspace/platform/platform/devices.cpp:54: undefined reference to `Device::Device(DeviceHandler*, DeviceIdentity*)'
./platform/platform/devices.o: In function `IRSensor::get_status()':
/home/yarib/ZYBO_projects/app-workspace/platform/platform/devices.cpp:60: undefined reference to `Device::read(unsigned int*)'
./platform/platform/devices.o: In function `Valve::Valve(DeviceHandler*, DeviceIdentity*)':
/home/yarib/ZYBO_projects/app-workspace/platform/platform/devices.cpp:67: undefined reference to `Device::Device(DeviceHandler*, DeviceIdentity*)'
./platform/platform/devices.o: In function `Valve::set_position(Valve::Position)':
/home/yarib/ZYBO_projects/app-workspace/platform/platform/devices.cpp:72: undefined reference to `Device::write(unsigned int)'
./platform/platform/devices.o: In function `Valve::get_position()':
/home/yarib/ZYBO_projects/app-workspace/platform/platform/devices.cpp:78: undefined reference to `Device::read(unsigned int*)'
./platform/platform/devices.o: In function `OutputPin::OutputPin(DeviceHandler*, DeviceIdentity*)':
/home/yarib/ZYBO_projects/app-workspace/platform/platform/devices.cpp:85: undefined reference to `Device::Device(DeviceHandler*, DeviceIdentity*)'
./platform/platform/devices.o: In function `OutputPin::set_status(OutputPin::Status)':
/home/yarib/ZYBO_projects/app-workspace/platform/platform/devices.cpp:90: undefined reference to `Device::write(unsigned int)'
./platform/platform/devices.o: In function `InputPin::InputPin(DeviceHandler*, DeviceIdentity*)':
/home/yarib/ZYBO_projects/app-workspace/platform/platform/devices.cpp:96: undefined reference to `Device::Device(DeviceHandler*, DeviceIdentity*)'
./platform/platform/devices.o: In function `InputPin::get_status()':
/home/yarib/ZYBO_projects/app-workspace/platform/platform/devices.cpp:102: undefined reference to `Device::read(unsigned int*)'
./platform/platform/devices.o: In function `OutputVector::OutputVector(DeviceHandler*, DeviceIdentity*)':
/home/yarib/ZYBO_projects/app-workspace/platform/platform/devices.cpp:109: undefined reference to `Device::Device(DeviceHandler*, DeviceIdentity*)'
./platform/platform/devices.o: In function `OutputVector::set_value(int)':
/home/yarib/ZYBO_projects/app-workspace/platform/platform/devices.cpp:114: undefined reference to `Device::write(unsigned int)'
./platform/platform/devices.o: In function `InputVector::InputVector(DeviceHandler*, DeviceIdentity*)':
/home/yarib/ZYBO_projects/app-workspace/platform/platform/devices.cpp:120: undefined reference to `Device::Device(DeviceHandler*, DeviceIdentity*)'
./platform/platform/devices.o: In function `InputVector::get_value()':
/home/yarib/ZYBO_projects/app-workspace/platform/platform/devices.cpp:126: undefined reference to `Device::read(unsigned int*)'
collect2: error: ld returned 1 exit status
make: *** [systool.elf] Error 1
20:41:38 **** Clean-only build of configuration Debug for project systool ****
make clean 
rm -rf  ./src/main.o ./src/systool.o  ./platform/platform/devices.o  ./src/main.d ./src/systool.d  ./platform/platform/devices.d  systool.elf.size  systool.elf
 
20:41:39 **** Auto Build of configuration Debug for project systool ****
make all 
Building file: ../src/main.cpp
Invoking: ARM Linux g++ compiler
arm-xilinx-linux-gnueabi-g++ -Wall -O0 -g3 -I/home/yarib/ZYBO_projects/app-workspace/platform -I/home/yarib/ZYBO_projects/app-workspace/framework -c -fmessage-length=0 -MT"src/main.o" -MMD -MP -MF"src/main.d" -MT"src/main.d" -o "src/main.o" "../src/main.cpp"
Finished building: ../src/main.cpp
 
Building file: ../src/systool.cpp
Invoking: ARM Linux g++ compiler
arm-xilinx-linux-gnueabi-g++ -Wall -O0 -g3 -I/home/yarib/ZYBO_projects/app-workspace/platform -I/home/yarib/ZYBO_projects/app-workspace/framework -c -fmessage-length=0 -MT"src/systool.o" -MMD -MP -MF"src/systool.d" -MT"src/systool.d" -o "src/systool.o" "../src/systool.cpp"
Finished building: ../src/systool.cpp
 
Building file: /home/yarib/ZYBO_projects/app-workspace/platform/platform/devices.cpp
Invoking: ARM Linux g++ compiler
arm-xilinx-linux-gnueabi-g++ -Wall -O0 -g3 -I/home/yarib/ZYBO_projects/app-workspace/platform -I/home/yarib/ZYBO_projects/app-workspace/framework -c -fmessage-length=0 -MT"platform/platform/devices.o" -MMD -MP -MF"platform/platform/devices.d" -MT"platform/platform/devices.d" -o "platform/platform/devices.o" "/home/yarib/ZYBO_projects/app-workspace/platform/platform/devices.cpp"
Finished building: /home/yarib/ZYBO_projects/app-workspace/platform/platform/devices.cpp
 
Building file: /home/yarib/ZYBO_projects/app-workspace/framework/framework/network/tcpserver.cpp
Invoking: ARM Linux g++ compiler
arm-xilinx-linux-gnueabi-g++ -Wall -O0 -g3 -I/home/yarib/ZYBO_projects/app-workspace/platform -I/home/yarib/ZYBO_projects/app-workspace/framework -c -fmessage-length=0 -MT"framework/framework/network/tcpserver.o" -MMD -MP -MF"framework/framework/network/tcpserver.d" -MT"framework/framework/network/tcpserver.d" -o "framework/framework/network/tcpserver.o" "/home/yarib/ZYBO_projects/app-workspace/framework/framework/network/tcpserver.cpp"
Finished building: /home/yarib/ZYBO_projects/app-workspace/framework/framework/network/tcpserver.cpp
 
Building file: /home/yarib/ZYBO_projects/app-workspace/framework/framework/network/tcpsocket.cpp
Invoking: ARM Linux g++ compiler
arm-xilinx-linux-gnueabi-g++ -Wall -O0 -g3 -I/home/yarib/ZYBO_projects/app-workspace/platform -I/home/yarib/ZYBO_projects/app-workspace/framework -c -fmessage-length=0 -MT"framework/framework/network/tcpsocket.o" -MMD -MP -MF"framework/framework/network/tcpsocket.d" -MT"framework/framework/network/tcpsocket.d" -o "framework/framework/network/tcpsocket.o" "/home/yarib/ZYBO_projects/app-workspace/framework/framework/network/tcpsocket.cpp"
Finished building: /home/yarib/ZYBO_projects/app-workspace/framework/framework/network/tcpsocket.cpp
 
Building file: /home/yarib/ZYBO_projects/app-workspace/framework/framework/hid/joystick.cpp
Invoking: ARM Linux g++ compiler
arm-xilinx-linux-gnueabi-g++ -Wall -O0 -g3 -I/home/yarib/ZYBO_projects/app-workspace/platform -I/home/yarib/ZYBO_projects/app-workspace/framework -c -fmessage-length=0 -MT"framework/framework/hid/joystick.o" -MMD -MP -MF"framework/framework/hid/joystick.d" -MT"framework/framework/hid/joystick.d" -o "framework/framework/hid/joystick.o" "/home/yarib/ZYBO_projects/app-workspace/framework/framework/hid/joystick.cpp"
Finished building: /home/yarib/ZYBO_projects/app-workspace/framework/framework/hid/joystick.cpp
 
Building file: /home/yarib/ZYBO_projects/app-workspace/framework/framework/device/commander.cpp
Invoking: ARM Linux g++ compiler
arm-xilinx-linux-gnueabi-g++ -Wall -O0 -g3 -I/home/yarib/ZYBO_projects/app-workspace/platform -I/home/yarib/ZYBO_projects/app-workspace/framework -c -fmessage-length=0 -MT"framework/framework/device/commander.o" -MMD -MP -MF"framework/framework/device/commander.d" -MT"framework/framework/device/commander.d" -o "framework/framework/device/commander.o" "/home/yarib/ZYBO_projects/app-workspace/framework/framework/device/commander.cpp"
Finished building: /home/yarib/ZYBO_projects/app-workspace/framework/framework/device/commander.cpp
 
Building file: /home/yarib/ZYBO_projects/app-workspace/framework/framework/device/device.cpp
Invoking: ARM Linux g++ compiler
arm-xilinx-linux-gnueabi-g++ -Wall -O0 -g3 -I/home/yarib/ZYBO_projects/app-workspace/platform -I/home/yarib/ZYBO_projects/app-workspace/framework -c -fmessage-length=0 -MT"framework/framework/device/device.o" -MMD -MP -MF"framework/framework/device/device.d" -MT"framework/framework/device/device.d" -o "framework/framework/device/device.o" "/home/yarib/ZYBO_projects/app-workspace/framework/framework/device/device.cpp"
Finished building: /home/yarib/ZYBO_projects/app-workspace/framework/framework/device/device.cpp
 
Building file: /home/yarib/ZYBO_projects/app-workspace/framework/framework/device/devicehandler.cpp
Invoking: ARM Linux g++ compiler
arm-xilinx-linux-gnueabi-g++ -Wall -O0 -g3 -I/home/yarib/ZYBO_projects/app-workspace/platform -I/home/yarib/ZYBO_projects/app-workspace/framework -c -fmessage-length=0 -MT"framework/framework/device/devicehandler.o" -MMD -MP -MF"framework/framework/device/devicehandler.d" -MT"framework/framework/device/devicehandler.d" -o "framework/framework/device/devicehandler.o" "/home/yarib/ZYBO_projects/app-workspace/framework/framework/device/devicehandler.cpp"
Finished building: /home/yarib/ZYBO_projects/app-workspace/framework/framework/device/devicehandler.cpp
 
Building file: /home/yarib/ZYBO_projects/app-workspace/framework/framework/application/application.cpp
Invoking: ARM Linux g++ compiler
arm-xilinx-linux-gnueabi-g++ -Wall -O0 -g3 -I/home/yarib/ZYBO_projects/app-workspace/platform -I/home/yarib/ZYBO_projects/app-workspace/framework -c -fmessage-length=0 -MT"framework/framework/application/application.o" -MMD -MP -MF"framework/framework/application/application.d" -MT"framework/framework/application/application.d" -o "framework/framework/application/application.o" "/home/yarib/ZYBO_projects/app-workspace/framework/framework/application/application.cpp"
Finished building: /home/yarib/ZYBO_projects/app-workspace/framework/framework/application/application.cpp
 
Building file: /home/yarib/ZYBO_projects/app-workspace/framework/framework/application/daemon.cpp
Invoking: ARM Linux g++ compiler
arm-xilinx-linux-gnueabi-g++ -Wall -O0 -g3 -I/home/yarib/ZYBO_projects/app-workspace/platform -I/home/yarib/ZYBO_projects/app-workspace/framework -c -fmessage-length=0 -MT"framework/framework/application/daemon.o" -MMD -MP -MF"framework/framework/application/daemon.d" -MT"framework/framework/application/daemon.d" -o "framework/framework/application/daemon.o" "/home/yarib/ZYBO_projects/app-workspace/framework/framework/application/daemon.cpp"
Finished building: /home/yarib/ZYBO_projects/app-workspace/framework/framework/application/daemon.cpp
 
Building target: systool.elf
Invoking: ARM Linux g++ linker
arm-xilinx-linux-gnueabi-g++ -pthread -static -o "systool.elf"  ./src/main.o ./src/systool.o  ./platform/platform/devices.o  ./framework/framework/network/tcpserver.o ./framework/framework/network/tcpsocket.o  ./framework/framework/hid/joystick.o  ./framework/framework/device/commander.o ./framework/framework/device/device.o ./framework/framework/device/devicehandler.o  ./framework/framework/application/application.o ./framework/framework/application/daemon.o   
Finished building target: systool.elf
 
Invoking: ARM Linux Print Size
arm-xilinx-linux-gnueabi-size systool.elf  |tee "systool.elf.size"
   text	   data	    bss	    dec	    hex	filename
1045368	  15060	  41376	1101804	 10cfec	systool.elf
Finished building: systool.elf.size
 
20:41:42 **** Clean-only build of configuration Debug for project systool ****
make clean 
rm -rf  ./src/main.o ./src/systool.o  ./platform/platform/devices.o  ./framework/framework/network/tcpserver.o ./framework/framework/network/tcpsocket.o  ./framework/framework/hid/joystick.o  ./framework/framework/device/commander.o ./framework/framework/device/device.o ./framework/framework/device/devicehandler.o  ./framework/framework/application/application.o ./framework/framework/application/daemon.o  ./src/main.d ./src/systool.d  ./platform/platform/devices.d  ./framework/framework/network/tcpserver.d ./framework/framework/network/tcpsocket.d  ./framework/framework/hid/joystick.d  ./framework/framework/device/commander.d ./framework/framework/device/device.d ./framework/framework/device/devicehandler.d  ./framework/framework/application/application.d ./framework/framework/application/daemon.d  systool.elf.size  systool.elf
 
20:41:43 **** Auto Build of configuration Debug for project systool ****
make all 
Building file: ../src/main.cpp
Invoking: ARM Linux g++ compiler
arm-xilinx-linux-gnueabi-g++ -Wall -O0 -g3 -I/home/yarib/ZYBO_projects/app-workspace/platform -I/home/yarib/ZYBO_projects/app-workspace/framework -c -fmessage-length=0 -MT"src/main.o" -MMD -MP -MF"src/main.d" -MT"src/main.d" -o "src/main.o" "../src/main.cpp"
Finished building: ../src/main.cpp
 
Building file: ../src/systool.cpp
Invoking: ARM Linux g++ compiler
arm-xilinx-linux-gnueabi-g++ -Wall -O0 -g3 -I/home/yarib/ZYBO_projects/app-workspace/platform -I/home/yarib/ZYBO_projects/app-workspace/framework -c -fmessage-length=0 -MT"src/systool.o" -MMD -MP -MF"src/systool.d" -MT"src/systool.d" -o "src/systool.o" "../src/systool.cpp"
Finished building: ../src/systool.cpp
 
Building file: /home/yarib/ZYBO_projects/app-workspace/platform/platform/devices.cpp
Invoking: ARM Linux g++ compiler
arm-xilinx-linux-gnueabi-g++ -Wall -O0 -g3 -I/home/yarib/ZYBO_projects/app-workspace/platform -I/home/yarib/ZYBO_projects/app-workspace/framework -c -fmessage-length=0 -MT"platform/platform/devices.o" -MMD -MP -MF"platform/platform/devices.d" -MT"platform/platform/devices.d" -o "platform/platform/devices.o" "/home/yarib/ZYBO_projects/app-workspace/platform/platform/devices.cpp"
Finished building: /home/yarib/ZYBO_projects/app-workspace/platform/platform/devices.cpp
 
Building file: /home/yarib/ZYBO_projects/app-workspace/framework/framework/network/tcpserver.cpp
Invoking: ARM Linux g++ compiler
arm-xilinx-linux-gnueabi-g++ -Wall -O0 -g3 -I/home/yarib/ZYBO_projects/app-workspace/platform -I/home/yarib/ZYBO_projects/app-workspace/framework -c -fmessage-length=0 -MT"framework/framework/network/tcpserver.o" -MMD -MP -MF"framework/framework/network/tcpserver.d" -MT"framework/framework/network/tcpserver.d" -o "framework/framework/network/tcpserver.o" "/home/yarib/ZYBO_projects/app-workspace/framework/framework/network/tcpserver.cpp"
Finished building: /home/yarib/ZYBO_projects/app-workspace/framework/framework/network/tcpserver.cpp
 
Building file: /home/yarib/ZYBO_projects/app-workspace/framework/framework/network/tcpsocket.cpp
Invoking: ARM Linux g++ compiler
arm-xilinx-linux-gnueabi-g++ -Wall -O0 -g3 -I/home/yarib/ZYBO_projects/app-workspace/platform -I/home/yarib/ZYBO_projects/app-workspace/framework -c -fmessage-length=0 -MT"framework/framework/network/tcpsocket.o" -MMD -MP -MF"framework/framework/network/tcpsocket.d" -MT"framework/framework/network/tcpsocket.d" -o "framework/framework/network/tcpsocket.o" "/home/yarib/ZYBO_projects/app-workspace/framework/framework/network/tcpsocket.cpp"
Finished building: /home/yarib/ZYBO_projects/app-workspace/framework/framework/network/tcpsocket.cpp
 
Building file: /home/yarib/ZYBO_projects/app-workspace/framework/framework/hid/joystick.cpp
Invoking: ARM Linux g++ compiler
arm-xilinx-linux-gnueabi-g++ -Wall -O0 -g3 -I/home/yarib/ZYBO_projects/app-workspace/platform -I/home/yarib/ZYBO_projects/app-workspace/framework -c -fmessage-length=0 -MT"framework/framework/hid/joystick.o" -MMD -MP -MF"framework/framework/hid/joystick.d" -MT"framework/framework/hid/joystick.d" -o "framework/framework/hid/joystick.o" "/home/yarib/ZYBO_projects/app-workspace/framework/framework/hid/joystick.cpp"
Finished building: /home/yarib/ZYBO_projects/app-workspace/framework/framework/hid/joystick.cpp
 
Building file: /home/yarib/ZYBO_projects/app-workspace/framework/framework/device/commander.cpp
Invoking: ARM Linux g++ compiler
arm-xilinx-linux-gnueabi-g++ -Wall -O0 -g3 -I/home/yarib/ZYBO_projects/app-workspace/platform -I/home/yarib/ZYBO_projects/app-workspace/framework -c -fmessage-length=0 -MT"framework/framework/device/commander.o" -MMD -MP -MF"framework/framework/device/commander.d" -MT"framework/framework/device/commander.d" -o "framework/framework/device/commander.o" "/home/yarib/ZYBO_projects/app-workspace/framework/framework/device/commander.cpp"
Finished building: /home/yarib/ZYBO_projects/app-workspace/framework/framework/device/commander.cpp
 
Building file: /home/yarib/ZYBO_projects/app-workspace/framework/framework/device/device.cpp
Invoking: ARM Linux g++ compiler
arm-xilinx-linux-gnueabi-g++ -Wall -O0 -g3 -I/home/yarib/ZYBO_projects/app-workspace/platform -I/home/yarib/ZYBO_projects/app-workspace/framework -c -fmessage-length=0 -MT"framework/framework/device/device.o" -MMD -MP -MF"framework/framework/device/device.d" -MT"framework/framework/device/device.d" -o "framework/framework/device/device.o" "/home/yarib/ZYBO_projects/app-workspace/framework/framework/device/device.cpp"
Finished building: /home/yarib/ZYBO_projects/app-workspace/framework/framework/device/device.cpp
 
Building file: /home/yarib/ZYBO_projects/app-workspace/framework/framework/device/devicehandler.cpp
Invoking: ARM Linux g++ compiler
arm-xilinx-linux-gnueabi-g++ -Wall -O0 -g3 -I/home/yarib/ZYBO_projects/app-workspace/platform -I/home/yarib/ZYBO_projects/app-workspace/framework -c -fmessage-length=0 -MT"framework/framework/device/devicehandler.o" -MMD -MP -MF"framework/framework/device/devicehandler.d" -MT"framework/framework/device/devicehandler.d" -o "framework/framework/device/devicehandler.o" "/home/yarib/ZYBO_projects/app-workspace/framework/framework/device/devicehandler.cpp"
Finished building: /home/yarib/ZYBO_projects/app-workspace/framework/framework/device/devicehandler.cpp
 
Building file: /home/yarib/ZYBO_projects/app-workspace/framework/framework/application/application.cpp
Invoking: ARM Linux g++ compiler
arm-xilinx-linux-gnueabi-g++ -Wall -O0 -g3 -I/home/yarib/ZYBO_projects/app-workspace/platform -I/home/yarib/ZYBO_projects/app-workspace/framework -c -fmessage-length=0 -MT"framework/framework/application/application.o" -MMD -MP -MF"framework/framework/application/application.d" -MT"framework/framework/application/application.d" -o "framework/framework/application/application.o" "/home/yarib/ZYBO_projects/app-workspace/framework/framework/application/application.cpp"
Finished building: /home/yarib/ZYBO_projects/app-workspace/framework/framework/application/application.cpp
 
Building file: /home/yarib/ZYBO_projects/app-workspace/framework/framework/application/daemon.cpp
Invoking: ARM Linux g++ compiler
arm-xilinx-linux-gnueabi-g++ -Wall -O0 -g3 -I/home/yarib/ZYBO_projects/app-workspace/platform -I/home/yarib/ZYBO_projects/app-workspace/framework -c -fmessage-length=0 -MT"framework/framework/application/daemon.o" -MMD -MP -MF"framework/framework/application/daemon.d" -MT"framework/framework/application/daemon.d" -o "framework/framework/application/daemon.o" "/home/yarib/ZYBO_projects/app-workspace/framework/framework/application/daemon.cpp"
Finished building: /home/yarib/ZYBO_projects/app-workspace/framework/framework/application/daemon.cpp
 
Building target: systool.elf
Invoking: ARM Linux g++ linker
arm-xilinx-linux-gnueabi-g++ -pthread -static -o "systool.elf"  ./src/main.o ./src/systool.o  ./platform/platform/devices.o  ./framework/framework/network/tcpserver.o ./framework/framework/network/tcpsocket.o  ./framework/framework/hid/joystick.o  ./framework/framework/device/commander.o ./framework/framework/device/device.o ./framework/framework/device/devicehandler.o  ./framework/framework/application/application.o ./framework/framework/application/daemon.o   
Finished building target: systool.elf
 
Invoking: ARM Linux Print Size
arm-xilinx-linux-gnueabi-size systool.elf  |tee "systool.elf.size"
   text	   data	    bss	    dec	    hex	filename
1045368	  15060	  41376	1101804	 10cfec	systool.elf
Finished building: systool.elf.size
 
20:42:05 **** Clean-only build of configuration Debug for project ctrlapp ****
make clean 
rm -rf  ./src/ctrlapp.o ./src/main.o  ./framework/network/tcpserver.o ./framework/network/tcpsocket.o  ./framework/hid/joystick.o  ./framework/device/commander.o ./framework/device/device.o ./framework/device/devicehandler.o  ./framework/application/application.o ./framework/application/daemon.o  ./src/ctrlapp.d ./src/main.d  ./framework/network/tcpserver.d ./framework/network/tcpsocket.d  ./framework/hid/joystick.d  ./framework/device/commander.d ./framework/device/device.d ./framework/device/devicehandler.d  ./framework/application/application.d ./framework/application/daemon.d  ctrlapp.elf.size  ctrlapp.elf
 
20:42:06 **** Auto Build of configuration Debug for project ctrlapp ****
make all 
Building file: ../src/ctrlapp.cpp
Invoking: ARM Linux g++ compiler
arm-xilinx-linux-gnueabi-g++ -Wall -O0 -g3 -c -fmessage-length=0 -MT"src/ctrlapp.o" -MMD -MP -MF"src/ctrlapp.d" -MT"src/ctrlapp.d" -o "src/ctrlapp.o" "../src/ctrlapp.cpp"
In file included from ../src/ctrlapp.cpp:10:0:
../src/ctrlapp.hpp:13:39: fatal error: framework/m_application.hpp: No such file or directory
 #include "framework/m_application.hpp"
                                       ^
compilation terminated.
src/subdir.mk:21: recipe for target 'src/ctrlapp.o' failed
make: *** [src/ctrlapp.o] Error 1
20:42:33 **** Auto Build of configuration Debug for project ctrlapp ****
make all 
Building file: ../src/ctrlapp.cpp
Invoking: ARM Linux g++ compiler
arm-xilinx-linux-gnueabi-g++ -Wall -O0 -g3 -I"/home/yarib/ZYBO_projects/app-workspace/framework" -c -fmessage-length=0 -MT"src/ctrlapp.o" -MMD -MP -MF"src/ctrlapp.d" -MT"src/ctrlapp.d" -o "src/ctrlapp.o" "../src/ctrlapp.cpp"
../src/ctrlapp.cpp:15:34: fatal error: platform/systembox.hpp: No such file or directory
 #include "platform/systembox.hpp"
                                  ^
compilation terminated.
src/subdir.mk:21: recipe for target 'src/ctrlapp.o' failed
make: *** [src/ctrlapp.o] Error 1
20:42:42 **** Auto Build of configuration Debug for project ctrlapp ****
make all 
Building file: ../src/ctrlapp.cpp
Invoking: ARM Linux g++ compiler
arm-xilinx-linux-gnueabi-g++ -Wall -O0 -g3 -I"/home/yarib/ZYBO_projects/app-workspace/framework" -c -fmessage-length=0 -MT"src/ctrlapp.o" -MMD -MP -MF"src/ctrlapp.d" -MT"src/ctrlapp.d" -o "src/ctrlapp.o" "../src/ctrlapp.cpp"
../src/ctrlapp.cpp:15:34: fatal error: platform/systembox.hpp: No such file or directory
 #include "platform/systembox.hpp"
                                  ^
compilation terminated.
src/subdir.mk:21: recipe for target 'src/ctrlapp.o' failed
make: *** [src/ctrlapp.o] Error 1
20:43:11 **** Clean-only build of configuration Debug for project ctrlapp ****
make clean 
rm -rf  ./src/ctrlapp.o ./src/main.o  ./platform/platform/devices.o  ./src/ctrlapp.d ./src/main.d  ./platform/platform/devices.d  ctrlapp.elf.size  ctrlapp.elf
 
20:43:11 **** Auto Build of configuration Debug for project ctrlapp ****
make all 
Building file: ../src/ctrlapp.cpp
Invoking: ARM Linux g++ compiler
arm-xilinx-linux-gnueabi-g++ -Wall -O0 -g3 -I/home/yarib/ZYBO_projects/app-workspace/framework -I/home/yarib/ZYBO_projects/app-workspace/platform -c -fmessage-length=0 -MT"src/ctrlapp.o" -MMD -MP -MF"src/ctrlapp.d" -MT"src/ctrlapp.d" -o "src/ctrlapp.o" "../src/ctrlapp.cpp"
Finished building: ../src/ctrlapp.cpp
 
Building file: ../src/main.cpp
Invoking: ARM Linux g++ compiler
arm-xilinx-linux-gnueabi-g++ -Wall -O0 -g3 -I/home/yarib/ZYBO_projects/app-workspace/framework -I/home/yarib/ZYBO_projects/app-workspace/platform -c -fmessage-length=0 -MT"src/main.o" -MMD -MP -MF"src/main.d" -MT"src/main.d" -o "src/main.o" "../src/main.cpp"
Finished building: ../src/main.cpp
 
Building file: /home/yarib/ZYBO_projects/app-workspace/platform/platform/devices.cpp
Invoking: ARM Linux g++ compiler
arm-xilinx-linux-gnueabi-g++ -Wall -O0 -g3 -I/home/yarib/ZYBO_projects/app-workspace/framework -I/home/yarib/ZYBO_projects/app-workspace/platform -c -fmessage-length=0 -MT"platform/platform/devices.o" -MMD -MP -MF"platform/platform/devices.d" -MT"platform/platform/devices.d" -o "platform/platform/devices.o" "/home/yarib/ZYBO_projects/app-workspace/platform/platform/devices.cpp"
Finished building: /home/yarib/ZYBO_projects/app-workspace/platform/platform/devices.cpp
 
Building file: /home/yarib/ZYBO_projects/app-workspace/framework/framework/network/tcpserver.cpp
Invoking: ARM Linux g++ compiler
arm-xilinx-linux-gnueabi-g++ -Wall -O0 -g3 -I/home/yarib/ZYBO_projects/app-workspace/framework -I/home/yarib/ZYBO_projects/app-workspace/platform -c -fmessage-length=0 -MT"framework/framework/network/tcpserver.o" -MMD -MP -MF"framework/framework/network/tcpserver.d" -MT"framework/framework/network/tcpserver.d" -o "framework/framework/network/tcpserver.o" "/home/yarib/ZYBO_projects/app-workspace/framework/framework/network/tcpserver.cpp"
Finished building: /home/yarib/ZYBO_projects/app-workspace/framework/framework/network/tcpserver.cpp
 
Building file: /home/yarib/ZYBO_projects/app-workspace/framework/framework/network/tcpsocket.cpp
Invoking: ARM Linux g++ compiler
arm-xilinx-linux-gnueabi-g++ -Wall -O0 -g3 -I/home/yarib/ZYBO_projects/app-workspace/framework -I/home/yarib/ZYBO_projects/app-workspace/platform -c -fmessage-length=0 -MT"framework/framework/network/tcpsocket.o" -MMD -MP -MF"framework/framework/network/tcpsocket.d" -MT"framework/framework/network/tcpsocket.d" -o "framework/framework/network/tcpsocket.o" "/home/yarib/ZYBO_projects/app-workspace/framework/framework/network/tcpsocket.cpp"
Finished building: /home/yarib/ZYBO_projects/app-workspace/framework/framework/network/tcpsocket.cpp
 
Building file: /home/yarib/ZYBO_projects/app-workspace/framework/framework/hid/joystick.cpp
Invoking: ARM Linux g++ compiler
arm-xilinx-linux-gnueabi-g++ -Wall -O0 -g3 -I/home/yarib/ZYBO_projects/app-workspace/framework -I/home/yarib/ZYBO_projects/app-workspace/platform -c -fmessage-length=0 -MT"framework/framework/hid/joystick.o" -MMD -MP -MF"framework/framework/hid/joystick.d" -MT"framework/framework/hid/joystick.d" -o "framework/framework/hid/joystick.o" "/home/yarib/ZYBO_projects/app-workspace/framework/framework/hid/joystick.cpp"
Finished building: /home/yarib/ZYBO_projects/app-workspace/framework/framework/hid/joystick.cpp
 
Building file: /home/yarib/ZYBO_projects/app-workspace/framework/framework/device/commander.cpp
Invoking: ARM Linux g++ compiler
arm-xilinx-linux-gnueabi-g++ -Wall -O0 -g3 -I/home/yarib/ZYBO_projects/app-workspace/framework -I/home/yarib/ZYBO_projects/app-workspace/platform -c -fmessage-length=0 -MT"framework/framework/device/commander.o" -MMD -MP -MF"framework/framework/device/commander.d" -MT"framework/framework/device/commander.d" -o "framework/framework/device/commander.o" "/home/yarib/ZYBO_projects/app-workspace/framework/framework/device/commander.cpp"
Finished building: /home/yarib/ZYBO_projects/app-workspace/framework/framework/device/commander.cpp
 
Building file: /home/yarib/ZYBO_projects/app-workspace/framework/framework/device/device.cpp
Invoking: ARM Linux g++ compiler
arm-xilinx-linux-gnueabi-g++ -Wall -O0 -g3 -I/home/yarib/ZYBO_projects/app-workspace/framework -I/home/yarib/ZYBO_projects/app-workspace/platform -c -fmessage-length=0 -MT"framework/framework/device/device.o" -MMD -MP -MF"framework/framework/device/device.d" -MT"framework/framework/device/device.d" -o "framework/framework/device/device.o" "/home/yarib/ZYBO_projects/app-workspace/framework/framework/device/device.cpp"
Finished building: /home/yarib/ZYBO_projects/app-workspace/framework/framework/device/device.cpp
 
Building file: /home/yarib/ZYBO_projects/app-workspace/framework/framework/device/devicehandler.cpp
Invoking: ARM Linux g++ compiler
arm-xilinx-linux-gnueabi-g++ -Wall -O0 -g3 -I/home/yarib/ZYBO_projects/app-workspace/framework -I/home/yarib/ZYBO_projects/app-workspace/platform -c -fmessage-length=0 -MT"framework/framework/device/devicehandler.o" -MMD -MP -MF"framework/framework/device/devicehandler.d" -MT"framework/framework/device/devicehandler.d" -o "framework/framework/device/devicehandler.o" "/home/yarib/ZYBO_projects/app-workspace/framework/framework/device/devicehandler.cpp"
Finished building: /home/yarib/ZYBO_projects/app-workspace/framework/framework/device/devicehandler.cpp
 
Building file: /home/yarib/ZYBO_projects/app-workspace/framework/framework/application/application.cpp
Invoking: ARM Linux g++ compiler
arm-xilinx-linux-gnueabi-g++ -Wall -O0 -g3 -I/home/yarib/ZYBO_projects/app-workspace/framework -I/home/yarib/ZYBO_projects/app-workspace/platform -c -fmessage-length=0 -MT"framework/framework/application/application.o" -MMD -MP -MF"framework/framework/application/application.d" -MT"framework/framework/application/application.d" -o "framework/framework/application/application.o" "/home/yarib/ZYBO_projects/app-workspace/framework/framework/application/application.cpp"
Finished building: /home/yarib/ZYBO_projects/app-workspace/framework/framework/application/application.cpp
 
Building file: /home/yarib/ZYBO_projects/app-workspace/framework/framework/application/daemon.cpp
Invoking: ARM Linux g++ compiler
arm-xilinx-linux-gnueabi-g++ -Wall -O0 -g3 -I/home/yarib/ZYBO_projects/app-workspace/framework -I/home/yarib/ZYBO_projects/app-workspace/platform -c -fmessage-length=0 -MT"framework/framework/application/daemon.o" -MMD -MP -MF"framework/framework/application/daemon.d" -MT"framework/framework/application/daemon.d" -o "framework/framework/application/daemon.o" "/home/yarib/ZYBO_projects/app-workspace/framework/framework/application/daemon.cpp"
Finished building: /home/yarib/ZYBO_projects/app-workspace/framework/framework/application/daemon.cpp
 
Building target: ctrlapp.elf
Invoking: ARM Linux g++ linker
arm-xilinx-linux-gnueabi-g++ -pthread -static -o "ctrlapp.elf"  ./src/ctrlapp.o ./src/main.o  ./platform/platform/devices.o  ./framework/framework/network/tcpserver.o ./framework/framework/network/tcpsocket.o  ./framework/framework/hid/joystick.o  ./framework/framework/device/commander.o ./framework/framework/device/device.o ./framework/framework/device/devicehandler.o  ./framework/framework/application/application.o ./framework/framework/application/daemon.o   
Finished building target: ctrlapp.elf
 
Invoking: ARM Linux Print Size
arm-xilinx-linux-gnueabi-size ctrlapp.elf  |tee "ctrlapp.elf.size"
   text	   data	    bss	    dec	    hex	filename
1045136	  15056	  41080	1101272	 10cdd8	ctrlapp.elf
Finished building: ctrlapp.elf.size
 
20:43:15 **** Clean-only build of configuration Debug for project ctrlapp ****
make clean 
rm -rf  ./src/ctrlapp.o ./src/main.o  ./platform/platform/devices.o  ./framework/framework/network/tcpserver.o ./framework/framework/network/tcpsocket.o  ./framework/framework/hid/joystick.o  ./framework/framework/device/commander.o ./framework/framework/device/device.o ./framework/framework/device/devicehandler.o  ./framework/framework/application/application.o ./framework/framework/application/daemon.o  ./src/ctrlapp.d ./src/main.d  ./platform/platform/devices.d  ./framework/framework/network/tcpserver.d ./framework/framework/network/tcpsocket.d  ./framework/framework/hid/joystick.d  ./framework/framework/device/commander.d ./framework/framework/device/device.d ./framework/framework/device/devicehandler.d  ./framework/framework/application/application.d ./framework/framework/application/daemon.d  ctrlapp.elf.size  ctrlapp.elf
 
20:43:16 **** Auto Build of configuration Debug for project ctrlapp ****
make all 
Building file: ../src/ctrlapp.cpp
Invoking: ARM Linux g++ compiler
arm-xilinx-linux-gnueabi-g++ -Wall -O0 -g3 -I/home/yarib/ZYBO_projects/app-workspace/framework -I/home/yarib/ZYBO_projects/app-workspace/platform -c -fmessage-length=0 -MT"src/ctrlapp.o" -MMD -MP -MF"src/ctrlapp.d" -MT"src/ctrlapp.d" -o "src/ctrlapp.o" "../src/ctrlapp.cpp"
Finished building: ../src/ctrlapp.cpp
 
Building file: ../src/main.cpp
Invoking: ARM Linux g++ compiler
arm-xilinx-linux-gnueabi-g++ -Wall -O0 -g3 -I/home/yarib/ZYBO_projects/app-workspace/framework -I/home/yarib/ZYBO_projects/app-workspace/platform -c -fmessage-length=0 -MT"src/main.o" -MMD -MP -MF"src/main.d" -MT"src/main.d" -o "src/main.o" "../src/main.cpp"
Finished building: ../src/main.cpp
 
Building file: /home/yarib/ZYBO_projects/app-workspace/platform/platform/devices.cpp
Invoking: ARM Linux g++ compiler
arm-xilinx-linux-gnueabi-g++ -Wall -O0 -g3 -I/home/yarib/ZYBO_projects/app-workspace/framework -I/home/yarib/ZYBO_projects/app-workspace/platform -c -fmessage-length=0 -MT"platform/platform/devices.o" -MMD -MP -MF"platform/platform/devices.d" -MT"platform/platform/devices.d" -o "platform/platform/devices.o" "/home/yarib/ZYBO_projects/app-workspace/platform/platform/devices.cpp"
Finished building: /home/yarib/ZYBO_projects/app-workspace/platform/platform/devices.cpp
 
Building file: /home/yarib/ZYBO_projects/app-workspace/framework/framework/network/tcpserver.cpp
Invoking: ARM Linux g++ compiler
arm-xilinx-linux-gnueabi-g++ -Wall -O0 -g3 -I/home/yarib/ZYBO_projects/app-workspace/framework -I/home/yarib/ZYBO_projects/app-workspace/platform -c -fmessage-length=0 -MT"framework/framework/network/tcpserver.o" -MMD -MP -MF"framework/framework/network/tcpserver.d" -MT"framework/framework/network/tcpserver.d" -o "framework/framework/network/tcpserver.o" "/home/yarib/ZYBO_projects/app-workspace/framework/framework/network/tcpserver.cpp"
Finished building: /home/yarib/ZYBO_projects/app-workspace/framework/framework/network/tcpserver.cpp
 
Building file: /home/yarib/ZYBO_projects/app-workspace/framework/framework/network/tcpsocket.cpp
Invoking: ARM Linux g++ compiler
arm-xilinx-linux-gnueabi-g++ -Wall -O0 -g3 -I/home/yarib/ZYBO_projects/app-workspace/framework -I/home/yarib/ZYBO_projects/app-workspace/platform -c -fmessage-length=0 -MT"framework/framework/network/tcpsocket.o" -MMD -MP -MF"framework/framework/network/tcpsocket.d" -MT"framework/framework/network/tcpsocket.d" -o "framework/framework/network/tcpsocket.o" "/home/yarib/ZYBO_projects/app-workspace/framework/framework/network/tcpsocket.cpp"
Finished building: /home/yarib/ZYBO_projects/app-workspace/framework/framework/network/tcpsocket.cpp
 
Building file: /home/yarib/ZYBO_projects/app-workspace/framework/framework/hid/joystick.cpp
Invoking: ARM Linux g++ compiler
arm-xilinx-linux-gnueabi-g++ -Wall -O0 -g3 -I/home/yarib/ZYBO_projects/app-workspace/framework -I/home/yarib/ZYBO_projects/app-workspace/platform -c -fmessage-length=0 -MT"framework/framework/hid/joystick.o" -MMD -MP -MF"framework/framework/hid/joystick.d" -MT"framework/framework/hid/joystick.d" -o "framework/framework/hid/joystick.o" "/home/yarib/ZYBO_projects/app-workspace/framework/framework/hid/joystick.cpp"
Finished building: /home/yarib/ZYBO_projects/app-workspace/framework/framework/hid/joystick.cpp
 
Building file: /home/yarib/ZYBO_projects/app-workspace/framework/framework/device/commander.cpp
Invoking: ARM Linux g++ compiler
arm-xilinx-linux-gnueabi-g++ -Wall -O0 -g3 -I/home/yarib/ZYBO_projects/app-workspace/framework -I/home/yarib/ZYBO_projects/app-workspace/platform -c -fmessage-length=0 -MT"framework/framework/device/commander.o" -MMD -MP -MF"framework/framework/device/commander.d" -MT"framework/framework/device/commander.d" -o "framework/framework/device/commander.o" "/home/yarib/ZYBO_projects/app-workspace/framework/framework/device/commander.cpp"
Finished building: /home/yarib/ZYBO_projects/app-workspace/framework/framework/device/commander.cpp
 
Building file: /home/yarib/ZYBO_projects/app-workspace/framework/framework/device/device.cpp
Invoking: ARM Linux g++ compiler
arm-xilinx-linux-gnueabi-g++ -Wall -O0 -g3 -I/home/yarib/ZYBO_projects/app-workspace/framework -I/home/yarib/ZYBO_projects/app-workspace/platform -c -fmessage-length=0 -MT"framework/framework/device/device.o" -MMD -MP -MF"framework/framework/device/device.d" -MT"framework/framework/device/device.d" -o "framework/framework/device/device.o" "/home/yarib/ZYBO_projects/app-workspace/framework/framework/device/device.cpp"
Finished building: /home/yarib/ZYBO_projects/app-workspace/framework/framework/device/device.cpp
 
Building file: /home/yarib/ZYBO_projects/app-workspace/framework/framework/device/devicehandler.cpp
Invoking: ARM Linux g++ compiler
arm-xilinx-linux-gnueabi-g++ -Wall -O0 -g3 -I/home/yarib/ZYBO_projects/app-workspace/framework -I/home/yarib/ZYBO_projects/app-workspace/platform -c -fmessage-length=0 -MT"framework/framework/device/devicehandler.o" -MMD -MP -MF"framework/framework/device/devicehandler.d" -MT"framework/framework/device/devicehandler.d" -o "framework/framework/device/devicehandler.o" "/home/yarib/ZYBO_projects/app-workspace/framework/framework/device/devicehandler.cpp"
Finished building: /home/yarib/ZYBO_projects/app-workspace/framework/framework/device/devicehandler.cpp
 
Building file: /home/yarib/ZYBO_projects/app-workspace/framework/framework/application/application.cpp
Invoking: ARM Linux g++ compiler
arm-xilinx-linux-gnueabi-g++ -Wall -O0 -g3 -I/home/yarib/ZYBO_projects/app-workspace/framework -I/home/yarib/ZYBO_projects/app-workspace/platform -c -fmessage-length=0 -MT"framework/framework/application/application.o" -MMD -MP -MF"framework/framework/application/application.d" -MT"framework/framework/application/application.d" -o "framework/framework/application/application.o" "/home/yarib/ZYBO_projects/app-workspace/framework/framework/application/application.cpp"
Finished building: /home/yarib/ZYBO_projects/app-workspace/framework/framework/application/application.cpp
 
Building file: /home/yarib/ZYBO_projects/app-workspace/framework/framework/application/daemon.cpp
Invoking: ARM Linux g++ compiler
arm-xilinx-linux-gnueabi-g++ -Wall -O0 -g3 -I/home/yarib/ZYBO_projects/app-workspace/framework -I/home/yarib/ZYBO_projects/app-workspace/platform -c -fmessage-length=0 -MT"framework/framework/application/daemon.o" -MMD -MP -MF"framework/framework/application/daemon.d" -MT"framework/framework/application/daemon.d" -o "framework/framework/application/daemon.o" "/home/yarib/ZYBO_projects/app-workspace/framework/framework/application/daemon.cpp"
Finished building: /home/yarib/ZYBO_projects/app-workspace/framework/framework/application/daemon.cpp
 
Building target: ctrlapp.elf
Invoking: ARM Linux g++ linker
arm-xilinx-linux-gnueabi-g++ -pthread -static -o "ctrlapp.elf"  ./src/ctrlapp.o ./src/main.o  ./platform/platform/devices.o  ./framework/framework/network/tcpserver.o ./framework/framework/network/tcpsocket.o  ./framework/framework/hid/joystick.o  ./framework/framework/device/commander.o ./framework/framework/device/device.o ./framework/framework/device/devicehandler.o  ./framework/framework/application/application.o ./framework/framework/application/daemon.o   
Finished building target: ctrlapp.elf
 
Invoking: ARM Linux Print Size
arm-xilinx-linux-gnueabi-size ctrlapp.elf  |tee "ctrlapp.elf.size"
   text	   data	    bss	    dec	    hex	filename
1045136	  15056	  41080	1101272	 10cdd8	ctrlapp.elf
Finished building: ctrlapp.elf.size
 
20:50:39 **** Auto Build of configuration Debug for project ctrlapp ****
make all 
make: Nothing to be done for 'all'.
20:50:39 **** Auto Build of configuration Debug for project framework ****
make all 
make: Nothing to be done for 'all'.
20:50:40 **** Auto Build of configuration Debug for project platform ****
make all 
make: Nothing to be done for 'all'.
20:50:40 **** Auto Build of configuration Debug for project systool ****
make all 
make: Nothing to be done for 'all'.
20:51:16 **** Auto Build of configuration Debug for project ctrlapp ****
make all 
make: Nothing to be done for 'all'.
20:51:16 **** Auto Build of configuration Debug for project platform ****
make all 
make: Nothing to be done for 'all'.
20:51:16 **** Auto Build of configuration Debug for project systool ****
make all 
make: Nothing to be done for 'all'.
20:51:23 **** Auto Build of configuration Debug for project ctrlapp ****
make all 
make: Nothing to be done for 'all'.
20:51:23 **** Auto Build of configuration Debug for project platform ****
make all 
make: Nothing to be done for 'all'.
20:51:23 **** Auto Build of configuration Debug for project systool ****
make all 
make: Nothing to be done for 'all'.
20:51:55 **** Auto Build of configuration Debug for project ctrlapp ****
make all 
make: Nothing to be done for 'all'.
20:52:21 **** Auto Build of configuration Debug for project ctrlapp ****
make all 
make: Nothing to be done for 'all'.
20:52:21 **** Auto Build of configuration Debug for project platform ****
make all 
make: Nothing to be done for 'all'.
20:52:21 **** Auto Build of configuration Debug for project systool ****
make all 
make: Nothing to be done for 'all'.
20:52:39 **** Clean-only build of configuration Debug for project ctrlapp ****
make clean 
rm -rf  ./src/ctrlapp.o ./src/main.o  ./platform/platform/devices.o  ./framework/framework/network/tcpserver.o ./framework/framework/network/tcpsocket.o  ./framework/framework/hid/joystick.o  ./framework/framework/device/commander.o ./framework/framework/device/device.o ./framework/framework/device/devicehandler.o  ./framework/framework/application/application.o ./framework/framework/application/daemon.o  ./src/ctrlapp.d ./src/main.d  ./platform/platform/devices.d  ./framework/framework/network/tcpserver.d ./framework/framework/network/tcpsocket.d  ./framework/framework/hid/joystick.d  ./framework/framework/device/commander.d ./framework/framework/device/device.d ./framework/framework/device/devicehandler.d  ./framework/framework/application/application.d ./framework/framework/application/daemon.d  ctrlapp.elf.size  ctrlapp.elf
 
20:52:39 **** Clean-only build of configuration Debug for project framework ****
make clean 
rm -rf  ./framework/network/tcpserver.o ./framework/network/tcpsocket.o  ./framework/hid/joystick.o  ./framework/device/commander.o ./framework/device/device.o ./framework/device/devicehandler.o  ./framework/application/application.o ./framework/application/daemon.o  ./framework/network/tcpserver.d ./framework/network/tcpsocket.d  ./framework/hid/joystick.d  ./framework/device/commander.d ./framework/device/device.d ./framework/device/devicehandler.d  ./framework/application/application.d ./framework/application/daemon.d  libframework.elf.size  libframework.elf
 
20:52:40 **** Clean-only build of configuration Debug for project platform ****
make clean 
rm -rf  ./platform/devices.o  ./framework/network/tcpserver.o ./framework/network/tcpsocket.o  ./framework/hid/joystick.o  ./framework/device/commander.o ./framework/device/device.o ./framework/device/devicehandler.o  ./framework/application/application.o ./framework/application/daemon.o  ./platform/devices.d  ./framework/network/tcpserver.d ./framework/network/tcpsocket.d  ./framework/hid/joystick.d  ./framework/device/commander.d ./framework/device/device.d ./framework/device/devicehandler.d  ./framework/application/application.d ./framework/application/daemon.d  libplatform.elf.size  libplatform.elf
 
20:52:40 **** Clean-only build of configuration Debug for project systool ****
make clean 
rm -rf  ./src/main.o ./src/systool.o  ./platform/platform/devices.o  ./framework/framework/network/tcpserver.o ./framework/framework/network/tcpsocket.o  ./framework/framework/hid/joystick.o  ./framework/framework/device/commander.o ./framework/framework/device/device.o ./framework/framework/device/devicehandler.o  ./framework/framework/application/application.o ./framework/framework/application/daemon.o  ./src/main.d ./src/systool.d  ./platform/platform/devices.d  ./framework/framework/network/tcpserver.d ./framework/framework/network/tcpsocket.d  ./framework/framework/hid/joystick.d  ./framework/framework/device/commander.d ./framework/framework/device/device.d ./framework/framework/device/devicehandler.d  ./framework/framework/application/application.d ./framework/framework/application/daemon.d  systool.elf.size  systool.elf
 
20:52:40 **** Build of configuration Debug for project ctrlapp ****
make all 
Building file: ../src/ctrlapp.cpp
Invoking: ARM Linux g++ compiler
arm-xilinx-linux-gnueabi-g++ -Wall -O0 -g3 -I/home/yarib/ZYBO_projects/app-workspace/framework -I/home/yarib/ZYBO_projects/app-workspace/platform -c -fmessage-length=0 -MT"src/ctrlapp.o" -MMD -MP -MF"src/ctrlapp.d" -MT"src/ctrlapp.d" -o "src/ctrlapp.o" "../src/ctrlapp.cpp"
Finished building: ../src/ctrlapp.cpp
 
Building file: ../src/main.cpp
Invoking: ARM Linux g++ compiler
arm-xilinx-linux-gnueabi-g++ -Wall -O0 -g3 -I/home/yarib/ZYBO_projects/app-workspace/framework -I/home/yarib/ZYBO_projects/app-workspace/platform -c -fmessage-length=0 -MT"src/main.o" -MMD -MP -MF"src/main.d" -MT"src/main.d" -o "src/main.o" "../src/main.cpp"
Finished building: ../src/main.cpp
 
Building file: /home/yarib/ZYBO_projects/app-workspace/platform/platform/devices.cpp
Invoking: ARM Linux g++ compiler
[...]
00:30:11 **** Auto Build of configuration Debug for project systool ****
make all 
Building file: ../src/systool.cpp
Invoking: ARM Linux g++ compiler
arm-xilinx-linux-gnueabi-g++ -Wall -O0 -g3 -I/home/yarib/ZYBO_projects/app-workspace/platform -I/home/yarib/ZYBO_projects/app-workspace/framework -c -fmessage-length=0 -MT"src/systool.o" -MMD -MP -MF"src/systool.d" -MT"src/systool.d" -o "src/systool.o" "../src/systool.cpp"
Finished building: ../src/systool.cpp
 
Building target: systool.elf
Invoking: ARM Linux g++ linker
arm-xilinx-linux-gnueabi-g++ -pthread -static -o "systool.elf"  ./src/main.o ./src/systool.o  ./platform/platform/devices.o  ./framework/framework/network/tcpserver.o ./framework/framework/network/tcpsocket.o  ./framework/framework/hid/joystick.o  ./framework/framework/device/commander.o ./framework/framework/device/device.o ./framework/framework/device/devicehandler.o  ./framework/framework/application/application.o ./framework/framework/application/daemon.o   
Finished building target: systool.elf
 
Invoking: ARM Linux Print Size
arm-xilinx-linux-gnueabi-size systool.elf  |tee "systool.elf.size"
   text	   data	    bss	    dec	    hex	filename
1045424	  15084	  41352	1101860	 10d024	systool.elf
Finished building: systool.elf.size
 
00:30:13 **** Auto Build of configuration Debug for project ctrlapp ****
make all 
make: Nothing to be done for 'all'.
00:30:18 **** Auto Build of configuration Debug for project ctrlapp ****
make all 
Building file: ../src/ctrlapp.cpp
Invoking: ARM Linux g++ compiler
arm-xilinx-linux-gnueabi-g++ -Wall -O0 -g3 -I/home/yarib/ZYBO_projects/app-workspace/framework -I/home/yarib/ZYBO_projects/app-workspace/platform -c -fmessage-length=0 -MT"src/ctrlapp.o" -MMD -MP -MF"src/ctrlapp.d" -MT"src/ctrlapp.d" -o "src/ctrlapp.o" "../src/ctrlapp.cpp"
Finished building: ../src/ctrlapp.cpp
 
Building target: ctrlapp.elf
Invoking: ARM Linux g++ linker
arm-xilinx-linux-gnueabi-g++ -pthread -static -o "ctrlapp.elf"  ./src/ctrlapp.o ./src/main.o  ./platform/platform/devices.o  ./framework/framework/network/tcpserver.o ./framework/framework/network/tcpsocket.o  ./framework/framework/hid/joystick.o  ./framework/framework/device/commander.o ./framework/framework/device/device.o ./framework/framework/device/devicehandler.o  ./framework/framework/application/application.o ./framework/framework/application/daemon.o   
Finished building target: ctrlapp.elf
 
Invoking: ARM Linux Print Size
arm-xilinx-linux-gnueabi-size ctrlapp.elf  |tee "ctrlapp.elf.size"
   text	   data	    bss	    dec	    hex	filename
1045128	  15080	  41064	1101272	 10cdd8	ctrlapp.elf
Finished building: ctrlapp.elf.size
 
00:30:19 **** Auto Build of configuration Debug for project platform ****
make all 
make: Nothing to be done for 'all'.
00:30:20 **** Auto Build of configuration Debug for project systool ****
make all 
Building file: ../src/systool.cpp
Invoking: ARM Linux g++ compiler
arm-xilinx-linux-gnueabi-g++ -Wall -O0 -g3 -I/home/yarib/ZYBO_projects/app-workspace/platform -I/home/yarib/ZYBO_projects/app-workspace/framework -c -fmessage-length=0 -MT"src/systool.o" -MMD -MP -MF"src/systool.d" -MT"src/systool.d" -o "src/systool.o" "../src/systool.cpp"
Finished building: ../src/systool.cpp
 
Building target: systool.elf
Invoking: ARM Linux g++ linker
arm-xilinx-linux-gnueabi-g++ -pthread -static -o "systool.elf"  ./src/main.o ./src/systool.o  ./platform/platform/devices.o  ./framework/framework/network/tcpserver.o ./framework/framework/network/tcpsocket.o  ./framework/framework/hid/joystick.o  ./framework/framework/device/commander.o ./framework/framework/device/device.o ./framework/framework/device/devicehandler.o  ./framework/framework/application/application.o ./framework/framework/application/daemon.o   
Finished building target: systool.elf
 
Invoking: ARM Linux Print Size
arm-xilinx-linux-gnueabi-size systool.elf  |tee "systool.elf.size"
   text	   data	    bss	    dec	    hex	filename
1045424	  15084	  41352	1101860	 10d024	systool.elf
Finished building: systool.elf.size
 
00:30:22 **** Auto Build of configuration Debug for project ctrlapp ****
make all 
make: Nothing to be done for 'all'.
00:33:26 **** Auto Build of configuration Debug for project ctrlapp ****
make all 
Building file: ../src/ctrlapp.cpp
Invoking: ARM Linux g++ compiler
arm-xilinx-linux-gnueabi-g++ -Wall -O0 -g3 -I/home/yarib/ZYBO_projects/app-workspace/framework -I/home/yarib/ZYBO_projects/app-workspace/platform -c -fmessage-length=0 -MT"src/ctrlapp.o" -MMD -MP -MF"src/ctrlapp.d" -MT"src/ctrlapp.d" -o "src/ctrlapp.o" "../src/ctrlapp.cpp"
Finished building: ../src/ctrlapp.cpp
 
Building target: ctrlapp.elf
Invoking: ARM Linux g++ linker
arm-xilinx-linux-gnueabi-g++ -pthread -static -o "ctrlapp.elf"  ./src/ctrlapp.o ./src/main.o  ./platform/platform/devices.o  ./framework/framework/network/tcpserver.o ./framework/framework/network/tcpsocket.o  ./framework/framework/hid/joystick.o  ./framework/framework/device/commander.o ./framework/framework/device/device.o ./framework/framework/device/devicehandler.o  ./framework/framework/application/application.o ./framework/framework/application/daemon.o   
Finished building target: ctrlapp.elf
 
Invoking: ARM Linux Print Size
arm-xilinx-linux-gnueabi-size ctrlapp.elf  |tee "ctrlapp.elf.size"
   text	   data	    bss	    dec	    hex	filename
1045128	  15080	  41064	1101272	 10cdd8	ctrlapp.elf
Finished building: ctrlapp.elf.size
 
00:33:26 **** Auto Build of configuration Debug for project platform ****
make all 
make: Nothing to be done for 'all'.
00:33:27 **** Auto Build of configuration Debug for project systool ****
make all 
Building file: ../src/systool.cpp
Invoking: ARM Linux g++ compiler
arm-xilinx-linux-gnueabi-g++ -Wall -O0 -g3 -I/home/yarib/ZYBO_projects/app-workspace/platform -I/home/yarib/ZYBO_projects/app-workspace/framework -c -fmessage-length=0 -MT"src/systool.o" -MMD -MP -MF"src/systool.d" -MT"src/systool.d" -o "src/systool.o" "../src/systool.cpp"
Finished building: ../src/systool.cpp
 
Building target: systool.elf
Invoking: ARM Linux g++ linker
arm-xilinx-linux-gnueabi-g++ -pthread -static -o "systool.elf"  ./src/main.o ./src/systool.o  ./platform/platform/devices.o  ./framework/framework/network/tcpserver.o ./framework/framework/network/tcpsocket.o  ./framework/framework/hid/joystick.o  ./framework/framework/device/commander.o ./framework/framework/device/device.o ./framework/framework/device/devicehandler.o  ./framework/framework/application/application.o ./framework/framework/application/daemon.o   
Finished building target: systool.elf
 
Invoking: ARM Linux Print Size
arm-xilinx-linux-gnueabi-size systool.elf  |tee "systool.elf.size"
   text	   data	    bss	    dec	    hex	filename
1045424	  15084	  41352	1101860	 10d024	systool.elf
Finished building: systool.elf.size
 
00:33:29 **** Auto Build of configuration Debug for project ctrlapp ****
make all 
make: Nothing to be done for 'all'.
00:33:48 **** Auto Build of configuration Debug for project ctrlapp ****
make all 
Building file: ../src/ctrlapp.cpp
Invoking: ARM Linux g++ compiler
arm-xilinx-linux-gnueabi-g++ -Wall -O0 -g3 -I/home/yarib/ZYBO_projects/app-workspace/framework -I/home/yarib/ZYBO_projects/app-workspace/platform -c -fmessage-length=0 -MT"src/ctrlapp.o" -MMD -MP -MF"src/ctrlapp.d" -MT"src/ctrlapp.d" -o "src/ctrlapp.o" "../src/ctrlapp.cpp"
Finished building: ../src/ctrlapp.cpp
 
Building target: ctrlapp.elf
Invoking: ARM Linux g++ linker
arm-xilinx-linux-gnueabi-g++ -pthread -static -o "ctrlapp.elf"  ./src/ctrlapp.o ./src/main.o  ./platform/platform/devices.o  ./framework/framework/network/tcpserver.o ./framework/framework/network/tcpsocket.o  ./framework/framework/hid/joystick.o  ./framework/framework/device/commander.o ./framework/framework/device/device.o ./framework/framework/device/devicehandler.o  ./framework/framework/application/application.o ./framework/framework/application/daemon.o   
Finished building target: ctrlapp.elf
 
Invoking: ARM Linux Print Size
arm-xilinx-linux-gnueabi-size ctrlapp.elf  |tee "ctrlapp.elf.size"
   text	   data	    bss	    dec	    hex	filename
1045128	  15080	  41064	1101272	 10cdd8	ctrlapp.elf
Finished building: ctrlapp.elf.size
 
00:33:49 **** Auto Build of configuration Debug for project platform ****
make all 
make: Nothing to be done for 'all'.
00:33:49 **** Auto Build of configuration Debug for project systool ****
make all 
Building file: ../src/systool.cpp
Invoking: ARM Linux g++ compiler
arm-xilinx-linux-gnueabi-g++ -Wall -O0 -g3 -I/home/yarib/ZYBO_projects/app-workspace/platform -I/home/yarib/ZYBO_projects/app-workspace/framework -c -fmessage-length=0 -MT"src/systool.o" -MMD -MP -MF"src/systool.d" -MT"src/systool.d" -o "src/systool.o" "../src/systool.cpp"
Finished building: ../src/systool.cpp
 
Building target: systool.elf
Invoking: ARM Linux g++ linker
arm-xilinx-linux-gnueabi-g++ -pthread -static -o "systool.elf"  ./src/main.o ./src/systool.o  ./platform/platform/devices.o  ./framework/framework/network/tcpserver.o ./framework/framework/network/tcpsocket.o  ./framework/framework/hid/joystick.o  ./framework/framework/device/commander.o ./framework/framework/device/device.o ./framework/framework/device/devicehandler.o  ./framework/framework/application/application.o ./framework/framework/application/daemon.o   
Finished building target: systool.elf
 
Invoking: ARM Linux Print Size
arm-xilinx-linux-gnueabi-size systool.elf  |tee "systool.elf.size"
   text	   data	    bss	    dec	    hex	filename
1045424	  15084	  41352	1101860	 10d024	systool.elf
Finished building: systool.elf.size
 
00:33:51 **** Auto Build of configuration Debug for project ctrlapp ****
make all 
make: Nothing to be done for 'all'.
00:59:37 **** Incremental Build of configuration Debug for project ctrlapp ****
make all 
make: Nothing to be done for 'all'.
00:59:58 **** Incremental Build of configuration Debug for project ctrlapp ****
make all 
make: Nothing to be done for 'all'.
01:00:11 **** Incremental Build of configuration Debug for project systool ****
make all 
make: Nothing to be done for 'all'.
01:07:43 **** Incremental Build of configuration Debug for project ctrlapp ****
make all 
make: Nothing to be done for 'all'.
07:34:08 **** Auto Build of configuration Debug for project ctrlapp ****
make all 
Building file: ../src/ctrlapp.cpp
Invoking: ARM Linux g++ compiler
arm-xilinx-linux-gnueabi-g++ -Wall -O0 -g3 -I/home/yarib/ZYBO_projects/app-workspace/framework -I/home/yarib/ZYBO_projects/app-workspace/platform -c -fmessage-length=0 -MT"src/ctrlapp.o" -MMD -MP -MF"src/ctrlapp.d" -MT"src/ctrlapp.d" -o "src/ctrlapp.o" "../src/ctrlapp.cpp"
Finished building: ../src/ctrlapp.cpp
 
Building target: ctrlapp.elf
Invoking: ARM Linux g++ linker
arm-xilinx-linux-gnueabi-g++ -pthread -static -o "ctrlapp.elf"  ./src/ctrlapp.o ./src/main.o  ./platform/platform/devices.o  ./framework/framework/network/tcpserver.o ./framework/framework/network/tcpsocket.o  ./framework/framework/hid/joystick.o  ./framework/framework/device/commander.o ./framework/framework/device/device.o ./framework/framework/device/devicehandler.o  ./framework/framework/application/application.o ./framework/framework/application/daemon.o   
Finished building target: ctrlapp.elf
 
Invoking: ARM Linux Print Size
arm-xilinx-linux-gnueabi-size ctrlapp.elf  |tee "ctrlapp.elf.size"
   text	   data	    bss	    dec	    hex	filename
1045192	  15080	  41064	1101336	 10ce18	ctrlapp.elf
Finished building: ctrlapp.elf.size
 
07:37:05 **** Auto Build of configuration Debug for project ctrlapp ****
make all 
Building file: ../src/ctrlapp.cpp
Invoking: ARM Linux g++ compiler
arm-xilinx-linux-gnueabi-g++ -Wall -O0 -g3 -I/home/yarib/ZYBO_projects/app-workspace/framework -I/home/yarib/ZYBO_projects/app-workspace/platform -c -fmessage-length=0 -MT"src/ctrlapp.o" -MMD -MP -MF"src/ctrlapp.d" -MT"src/ctrlapp.d" -o "src/ctrlapp.o" "../src/ctrlapp.cpp"
Finished building: ../src/ctrlapp.cpp
 
Building target: ctrlapp.elf
Invoking: ARM Linux g++ linker
arm-xilinx-linux-gnueabi-g++ -pthread -static -o "ctrlapp.elf"  ./src/ctrlapp.o ./src/main.o  ./platform/platform/devices.o  ./framework/framework/network/tcpserver.o ./framework/framework/network/tcpsocket.o  ./framework/framework/hid/joystick.o  ./framework/framework/device/commander.o ./framework/framework/device/device.o ./framework/framework/device/devicehandler.o  ./framework/framework/application/application.o ./framework/framework/application/daemon.o   
Finished building target: ctrlapp.elf
 
Invoking: ARM Linux Print Size
arm-xilinx-linux-gnueabi-size ctrlapp.elf  |tee "ctrlapp.elf.size"
   text	   data	    bss	    dec	    hex	filename
1047036	  15080	  41352	1103468	 10d66c	ctrlapp.elf
Finished building: ctrlapp.elf.size
 
07:37:34 **** Incremental Build of configuration Debug for project ctrlapp ****
make all 
make: Nothing to be done for 'all'.
07:37:55 **** Incremental Build of configuration Debug for project ctrlapp ****
make all 
make: Nothing to be done for 'all'.
07:44:02 **** Auto Build of configuration Debug for project ctrlapp ****
make all 
Building file: ../src/ctrlapp.cpp
Invoking: ARM Linux g++ compiler
arm-xilinx-linux-gnueabi-g++ -Wall -O0 -g3 -I/home/yarib/ZYBO_projects/app-workspace/framework -I/home/yarib/ZYBO_projects/app-workspace/platform -c -fmessage-length=0 -MT"src/ctrlapp.o" -MMD -MP -MF"src/ctrlapp.d" -MT"src/ctrlapp.d" -o "src/ctrlapp.o" "../src/ctrlapp.cpp"
Finished building: ../src/ctrlapp.cpp
 
Building target: ctrlapp.elf
Invoking: ARM Linux g++ linker
arm-xilinx-linux-gnueabi-g++ -pthread -static -o "ctrlapp.elf"  ./src/ctrlapp.o ./src/main.o  ./platform/platform/devices.o  ./framework/framework/network/tcpserver.o ./framework/framework/network/tcpsocket.o  ./framework/framework/hid/joystick.o  ./framework/framework/device/commander.o ./framework/framework/device/device.o ./framework/framework/device/devicehandler.o  ./framework/framework/application/application.o ./framework/framework/application/daemon.o   
Finished building target: ctrlapp.elf
 
Invoking: ARM Linux Print Size
arm-xilinx-linux-gnueabi-size ctrlapp.elf  |tee "ctrlapp.elf.size"
   text	   data	    bss	    dec	    hex	filename
1047036	  15080	  41352	1103468	 10d66c	ctrlapp.elf
Finished building: ctrlapp.elf.size
 
07:44:46 **** Auto Build of configuration Debug for project ctrlapp ****
make all 
Building file: ../src/ctrlapp.cpp
Invoking: ARM Linux g++ compiler
arm-xilinx-linux-gnueabi-g++ -Wall -O0 -g3 -I/home/yarib/ZYBO_projects/app-workspace/framework -I/home/yarib/ZYBO_projects/app-workspace/platform -c -fmessage-length=0 -MT"src/ctrlapp.o" -MMD -MP -MF"src/ctrlapp.d" -MT"src/ctrlapp.d" -o "src/ctrlapp.o" "../src/ctrlapp.cpp"
Finished building: ../src/ctrlapp.cpp
 
Building target: ctrlapp.elf
Invoking: ARM Linux g++ linker
arm-xilinx-linux-gnueabi-g++ -pthread -static -o "ctrlapp.elf"  ./src/ctrlapp.o ./src/main.o  ./platform/platform/devices.o  ./framework/framework/network/tcpserver.o ./framework/framework/network/tcpsocket.o  ./framework/framework/hid/joystick.o  ./framework/framework/device/commander.o ./framework/framework/device/device.o ./framework/framework/device/devicehandler.o  ./framework/framework/application/application.o ./framework/framework/application/daemon.o   
Finished building target: ctrlapp.elf
 
Invoking: ARM Linux Print Size
arm-xilinx-linux-gnueabi-size ctrlapp.elf  |tee "ctrlapp.elf.size"
   text	   data	    bss	    dec	    hex	filename
1047036	  15080	  41352	1103468	 10d66c	ctrlapp.elf
Finished building: ctrlapp.elf.size
 
07:45:09 **** Auto Build of configuration Debug for project ctrlapp ****
make all 
Building file: ../src/ctrlapp.cpp
Invoking: ARM Linux g++ compiler
arm-xilinx-linux-gnueabi-g++ -Wall -O0 -g3 -I/home/yarib/ZYBO_projects/app-workspace/framework -I/home/yarib/ZYBO_projects/app-workspace/platform -c -fmessage-length=0 -MT"src/ctrlapp.o" -MMD -MP -MF"src/ctrlapp.d" -MT"src/ctrlapp.d" -o "src/ctrlapp.o" "../src/ctrlapp.cpp"
Finished building: ../src/ctrlapp.cpp
 
Building target: ctrlapp.elf
Invoking: ARM Linux g++ linker
arm-xilinx-linux-gnueabi-g++ -pthread -static -o "ctrlapp.elf"  ./src/ctrlapp.o ./src/main.o  ./platform/platform/devices.o  ./framework/framework/network/tcpserver.o ./framework/framework/network/tcpsocket.o  ./framework/framework/hid/joystick.o  ./framework/framework/device/commander.o ./framework/framework/device/device.o ./framework/framework/device/devicehandler.o  ./framework/framework/application/application.o ./framework/framework/application/daemon.o   
Finished building target: ctrlapp.elf
 
Invoking: ARM Linux Print Size
arm-xilinx-linux-gnueabi-size ctrlapp.elf  |tee "ctrlapp.elf.size"
   text	   data	    bss	    dec	    hex	filename
1047036	  15080	  41352	1103468	 10d66c	ctrlapp.elf
Finished building: ctrlapp.elf.size
 
07:45:45 **** Incremental Build of configuration Debug for project ctrlapp ****
make all 
make: Nothing to be done for 'all'.
07:46:03 **** Incremental Build of configuration Debug for project ctrlapp ****
make all 
make: Nothing to be done for 'all'.
07:53:34 **** Auto Build of configuration Debug for project ctrlapp ****
make all 
Building file: ../src/ctrlapp.cpp
Invoking: ARM Linux g++ compiler
arm-xilinx-linux-gnueabi-g++ -Wall -O0 -g3 -I/home/yarib/ZYBO_projects/app-workspace/framework -I/home/yarib/ZYBO_projects/app-workspace/platform -c -fmessage-length=0 -MT"src/ctrlapp.o" -MMD -MP -MF"src/ctrlapp.d" -MT"src/ctrlapp.d" -o "src/ctrlapp.o" "../src/ctrlapp.cpp"
Finished building: ../src/ctrlapp.cpp
 
Building target: ctrlapp.elf
Invoking: ARM Linux g++ linker
arm-xilinx-linux-gnueabi-g++ -pthread -static -o "ctrlapp.elf"  ./src/ctrlapp.o ./src/main.o  ./platform/platform/devices.o  ./framework/framework/network/tcpserver.o ./framework/framework/network/tcpsocket.o  ./framework/framework/hid/joystick.o  ./framework/framework/device/commander.o ./framework/framework/device/device.o ./framework/framework/device/devicehandler.o  ./framework/framework/application/application.o ./framework/framework/application/daemon.o   
Finished building target: ctrlapp.elf
 
Invoking: ARM Linux Print Size
arm-xilinx-linux-gnueabi-size ctrlapp.elf  |tee "ctrlapp.elf.size"
   text	   data	    bss	    dec	    hex	filename
1047036	  15080	  41352	1103468	 10d66c	ctrlapp.elf
Finished building: ctrlapp.elf.size
 
07:55:57 **** Auto Build of configuration Debug for project ctrlapp ****
make all 
Building file: ../src/ctrlapp.cpp
Invoking: ARM Linux g++ compiler
arm-xilinx-linux-gnueabi-g++ -Wall -O0 -g3 -I/home/yarib/ZYBO_projects/app-workspace/framework -I/home/yarib/ZYBO_projects/app-workspace/platform -c -fmessage-length=0 -MT"src/ctrlapp.o" -MMD -MP -MF"src/ctrlapp.d" -MT"src/ctrlapp.d" -o "src/ctrlapp.o" "../src/ctrlapp.cpp"
Finished building: ../src/ctrlapp.cpp
 
Building target: ctrlapp.elf
Invoking: ARM Linux g++ linker
arm-xilinx-linux-gnueabi-g++ -pthread -static -o "ctrlapp.elf"  ./src/ctrlapp.o ./src/main.o  ./platform/platform/devices.o  ./framework/framework/network/tcpserver.o ./framework/framework/network/tcpsocket.o  ./framework/framework/hid/joystick.o  ./framework/framework/device/commander.o ./framework/framework/device/device.o ./framework/framework/device/devicehandler.o  ./framework/framework/application/application.o ./framework/framework/application/daemon.o   
Finished building target: ctrlapp.elf
 
Invoking: ARM Linux Print Size
arm-xilinx-linux-gnueabi-size ctrlapp.elf  |tee "ctrlapp.elf.size"
   text	   data	    bss	    dec	    hex	filename
1047036	  15080	  41352	1103468	 10d66c	ctrlapp.elf
Finished building: ctrlapp.elf.size
 
07:56:00 **** Incremental Build of configuration Debug for project ctrlapp ****
make all 
make: Nothing to be done for 'all'.
07:56:15 **** Incremental Build of configuration Debug for project ctrlapp ****
make all 
make: Nothing to be done for 'all'.
07:56:32 **** Incremental Build of configuration Debug for project ctrlapp ****
make all 
make: Nothing to be done for 'all'.
