23:43:00 **** Clean-only build of configuration Debug for project framework ****
make clean 
rm -rf  ./framework/devicehandler.o ./framework/devices.o ./framework/systembox.o  ./framework/devicehandler.d ./framework/devices.d ./framework/systembox.d  libframework.elf.size  libframework.elf
 
23:43:00 **** Build of configuration Debug for project framework ****
make all 
Building file: ../framework/devicehandler.cpp
Invoking: ARM Linux g++ compiler
arm-xilinx-linux-gnueabi-g++ -Wall -O0 -g3 -c -fmessage-length=0 -MT"framework/devicehandler.o" -MMD -MP -MF"framework/devicehandler.d" -MT"framework/devicehandler.d" -o "framework/devicehandler.o" "../framework/devicehandler.cpp"
Finished building: ../framework/devicehandler.cpp
 
Building file: ../framework/devices.cpp
Invoking: ARM Linux g++ compiler
arm-xilinx-linux-gnueabi-g++ -Wall -O0 -g3 -c -fmessage-length=0 -MT"framework/devices.o" -MMD -MP -MF"framework/devices.d" -MT"framework/devices.d" -o "framework/devices.o" "../framework/devices.cpp"
Finished building: ../framework/devices.cpp
 
Building file: ../framework/systembox.cpp
Invoking: ARM Linux g++ compiler
arm-xilinx-linux-gnueabi-g++ -Wall -O0 -g3 -c -fmessage-length=0 -MT"framework/systembox.o" -MMD -MP -MF"framework/systembox.d" -MT"framework/systembox.d" -o "framework/systembox.o" "../framework/systembox.cpp"
Finished building: ../framework/systembox.cpp
 
Building target: libframework.elf
Invoking: ARM Linux archiver
arm-xilinx-linux-gnueabi-ar -r  "libframework.elf"  ./framework/devicehandler.o ./framework/devices.o ./framework/systembox.o   
arm-xilinx-linux-gnueabi-ar: creating libframework.elf
Finished building target: libframework.elf
 
Invoking: ARM Linux Print Size
arm-xilinx-linux-gnueabi-size libframework.elf  |tee "libframework.elf.size"
   text	   data	    bss	    dec	    hex	filename
   2344	      0	      0	   2344	    928	devicehandler.o (ex libframework.elf)
   3276	      0	      0	   3276	    ccc	devices.o (ex libframework.elf)
   4056	      0	      0	   4056	    fd8	systembox.o (ex libframework.elf)
Finished building: libframework.elf.size
 
23:46:35 **** Auto Build of configuration Debug for project systool ****
make all 
Building target: systool.elf
Invoking: ARM Linux g++ linker
arm-xilinx-linux-gnueabi-g++ -pthread -static -o "systool.elf"  ./src/main.o ./src/systool.o   -l/home/yarib/ZYBO_projects/app-workspace/framework/Debug/libframework.elf
/opt/Xilinx/SDK/2015.4/gnu/arm/lin/bin/../lib/gcc/arm-xilinx-linux-gnueabi/4.9.2/../../../../arm-xilinx-linux-gnueabi/bin/ld: cannot find -l/home/yarib/ZYBO_projects/app-workspace/framework/Debug/libframework.elf
collect2: error: ld returned 1 exit status
makefile:48: recipe for target 'systool.elf' failed
make: *** [systool.elf] Error 1
23:48:02 **** Auto Build of configuration Debug for project systool ****
make all 
Building target: systool.elf
Invoking: ARM Linux g++ linker
arm-xilinx-linux-gnueabi-g++ -L/home/yarib/ZYBO_projects/app-workspace/framework/Debug/ -pthread -static -o "systool.elf"  ./src/main.o ./src/systool.o   
./src/systool.o: In function `SystemTool::SystemTool()':
/home/yarib/ZYBO_projects/app-workspace/systool/Debug/../src/systool.cpp:20: undefined reference to `SystemFeature::SystemFeature(DeviceHandler*)'
./src/systool.o: In function `SystemTool::~SystemTool()':
/home/yarib/ZYBO_projects/app-workspace/systool/Debug/../src/systool.cpp:89: undefined reference to `SystemFeature::~SystemFeature()'
./src/systool.o: In function `.LC8':
systool.cpp:(.rodata+0xd4): undefined reference to `typeinfo for SystemFeature'
collect2: error: ld returned 1 exit status
make: *** [systool.elf] Error 1
makefile:48: recipe for target 'systool.elf' failed
23:49:30 **** Auto Build of configuration Debug for project systool ****
make all 
Building target: systool.elf
Invoking: ARM Linux g++ linker
arm-xilinx-linux-gnueabi-g++ -L"/home/yarib/ZYBO_projects/app-workspace/framework" -pthread -static -o "systool.elf"  ./src/main.o ./src/systool.o   
./src/systool.o: In function `SystemTool::SystemTool()':
/home/yarib/ZYBO_projects/app-workspace/systool/Debug/../src/systool.cpp:20: undefined reference to `SystemFeature::SystemFeature(DeviceHandler*)'
makefile:48: recipe for target 'systool.elf' failed
./src/systool.o: In function `SystemTool::~SystemTool()':
/home/yarib/ZYBO_projects/app-workspace/systool/Debug/../src/systool.cpp:89: undefined reference to `SystemFeature::~SystemFeature()'
./src/systool.o: In function `.LC8':
systool.cpp:(.rodata+0xd4): undefined reference to `typeinfo for SystemFeature'
collect2: error: ld returned 1 exit status
make: *** [systool.elf] Error 1
23:49:43 **** Auto Build of configuration Debug for project systool ****
make all 
Building target: systool.elf
Invoking: ARM Linux g++ linker
arm-xilinx-linux-gnueabi-g++ -L"/home/yarib/ZYBO_projects/app-workspace/framework/Debug" -pthread -static -o "systool.elf"  ./src/main.o ./src/systool.o   
./src/systool.o: In function `SystemTool::SystemTool()':
/home/yarib/ZYBO_projects/app-workspace/systool/Debug/../src/systool.cpp:20: undefined reference to `SystemFeature::SystemFeature(DeviceHandler*)'
./src/systool.o: In function `SystemTool::~SystemTool()':
/home/yarib/ZYBO_projects/app-workspace/systool/Debug/../src/systool.cpp:89: undefined reference to `SystemFeature::~SystemFeature()'
./src/systool.o: In function `.LC8':
systool.cpp:(.rodata+0xd4): undefined reference to `typeinfo for SystemFeature'
collect2: error: ld returned 1 exit status
makefile:48: recipe for target 'systool.elf' failed
make: *** [systool.elf] Error 1
23:50:00 **** Auto Build of configuration Debug for project systool ****
make all 
Building target: systool.elf
Invoking: ARM Linux g++ linker
arm-xilinx-linux-gnueabi-g++ -pthread -static -o "systool.elf"  ./src/main.o ./src/systool.o   -l"/home/yarib/ZYBO_projects/app-workspace/framework/Debug/libframework.elf"
/opt/Xilinx/SDK/2015.4/gnu/arm/lin/bin/../lib/gcc/arm-xilinx-linux-gnueabi/4.9.2/../../../../arm-xilinx-linux-gnueabi/bin/ld: cannot find -l/home/yarib/ZYBO_projects/app-workspace/framework/Debug/libframework.elf
collect2: error: ld returned 1 exit status
makefile:48: recipe for target 'systool.elf' failed
make: *** [systool.elf] Error 1
23:50:41 **** Auto Build of configuration Debug for project systool ****
make all 
Building file: ../src/main.cpp
Invoking: ARM Linux g++ compiler
arm-xilinx-linux-gnueabi-g++ -Wall -O0 -g3 -I"/home/yarib/ZYBO_projects/app-workspace/framework" -c -fmessage-length=0 -MT"src/main.o" -MMD -MP -MF"src/main.d" -MT"src/main.d" -o "src/main.o" "../src/main.cpp"
Finished building: ../src/main.cpp
 
Building file: ../src/systool.cpp
Invoking: ARM Linux g++ compiler
arm-xilinx-linux-gnueabi-g++ -Wall -O0 -g3 -I"/home/yarib/ZYBO_projects/app-workspace/framework" -c -fmessage-length=0 -MT"src/systool.o" -MMD -MP -MF"src/systool.d" -MT"src/systool.d" -o "src/systool.o" "../src/systool.cpp"
Finished building: ../src/systool.cpp
 
Building file: /home/yarib/ZYBO_projects/app-workspace/framework/framework/devicehandler.cpp
Invoking: ARM Linux g++ compiler
arm-xilinx-linux-gnueabi-g++ -Wall -O0 -g3 -I"/home/yarib/ZYBO_projects/app-workspace/framework" -c -fmessage-length=0 -MT"framework/devicehandler.o" -MMD -MP -MF"framework/devicehandler.d" -MT"framework/devicehandler.d" -o "framework/devicehandler.o" "/home/yarib/ZYBO_projects/app-workspace/framework/framework/devicehandler.cpp"
Finished building: /home/yarib/ZYBO_projects/app-workspace/framework/framework/devicehandler.cpp
 
Building file: /home/yarib/ZYBO_projects/app-workspace/framework/framework/devices.cpp
Invoking: ARM Linux g++ compiler
arm-xilinx-linux-gnueabi-g++ -Wall -O0 -g3 -I"/home/yarib/ZYBO_projects/app-workspace/framework" -c -fmessage-length=0 -MT"framework/devices.o" -MMD -MP -MF"framework/devices.d" -MT"framework/devices.d" -o "framework/devices.o" "/home/yarib/ZYBO_projects/app-workspace/framework/framework/devices.cpp"
Finished building: /home/yarib/ZYBO_projects/app-workspace/framework/framework/devices.cpp
 
Building file: /home/yarib/ZYBO_projects/app-workspace/framework/framework/systembox.cpp
Invoking: ARM Linux g++ compiler
arm-xilinx-linux-gnueabi-g++ -Wall -O0 -g3 -I"/home/yarib/ZYBO_projects/app-workspace/framework" -c -fmessage-length=0 -MT"framework/systembox.o" -MMD -MP -MF"framework/systembox.d" -MT"framework/systembox.d" -o "framework/systembox.o" "/home/yarib/ZYBO_projects/app-workspace/framework/framework/systembox.cpp"
Finished building: /home/yarib/ZYBO_projects/app-workspace/framework/framework/systembox.cpp
 
Building target: systool.elf
Invoking: ARM Linux g++ linker
arm-xilinx-linux-gnueabi-g++ -pthread -static -o "systool.elf"  ./src/main.o ./src/systool.o  ./framework/devicehandler.o ./framework/devices.o ./framework/systembox.o   -l"/home/yarib/ZYBO_projects/app-workspace/framework/Debug/libframework.elf"
/opt/Xilinx/SDK/2015.4/gnu/arm/lin/bin/../lib/gcc/arm-xilinx-linux-gnueabi/4.9.2/../../../../arm-xilinx-linux-gnueabi/bin/ld: cannot find -l/home/yarib/ZYBO_projects/app-workspace/framework/Debug/libframework.elf
collect2: error: ld returned 1 exit status
makefile:49: recipe for target 'systool.elf' failed
make: *** [systool.elf] Error 1
23:50:52 **** Clean-only build of configuration Debug for project systool ****
make clean 
rm -rf  ./src/main.o ./src/systool.o  ./framework/devicehandler.o ./framework/devices.o ./framework/systembox.o  ./src/main.d ./src/systool.d  ./framework/devicehandler.d ./framework/devices.d ./framework/systembox.d  systool.elf.size  systool.elf
 
23:50:52 **** Auto Build of configuration Debug for project systool ****
make all 
Building file: ../src/main.cpp
Invoking: ARM Linux g++ compiler
arm-xilinx-linux-gnueabi-g++ -Wall -O0 -g3 -I"/home/yarib/ZYBO_projects/app-workspace/framework" -c -fmessage-length=0 -MT"src/main.o" -MMD -MP -MF"src/main.d" -MT"src/main.d" -o "src/main.o" "../src/main.cpp"
Finished building: ../src/main.cpp
 
Building file: ../src/systool.cpp
Invoking: ARM Linux g++ compiler
arm-xilinx-linux-gnueabi-g++ -Wall -O0 -g3 -I"/home/yarib/ZYBO_projects/app-workspace/framework" -c -fmessage-length=0 -MT"src/systool.o" -MMD -MP -MF"src/systool.d" -MT"src/systool.d" -o "src/systool.o" "../src/systool.cpp"
Finished building: ../src/systool.cpp
 
Building file: /home/yarib/ZYBO_projects/app-workspace/framework/framework/devicehandler.cpp
Invoking: ARM Linux g++ compiler
arm-xilinx-linux-gnueabi-g++ -Wall -O0 -g3 -I"/home/yarib/ZYBO_projects/app-workspace/framework" -c -fmessage-length=0 -MT"framework/devicehandler.o" -MMD -MP -MF"framework/devicehandler.d" -MT"framework/devicehandler.d" -o "framework/devicehandler.o" "/home/yarib/ZYBO_projects/app-workspace/framework/framework/devicehandler.cpp"
Finished building: /home/yarib/ZYBO_projects/app-workspace/framework/framework/devicehandler.cpp
 
Building file: /home/yarib/ZYBO_projects/app-workspace/framework/framework/devices.cpp
Invoking: ARM Linux g++ compiler
arm-xilinx-linux-gnueabi-g++ -Wall -O0 -g3 -I"/home/yarib/ZYBO_projects/app-workspace/framework" -c -fmessage-length=0 -MT"framework/devices.o" -MMD -MP -MF"framework/devices.d" -MT"framework/devices.d" -o "framework/devices.o" "/home/yarib/ZYBO_projects/app-workspace/framework/framework/devices.cpp"
Finished building: /home/yarib/ZYBO_projects/app-workspace/framework/framework/devices.cpp
 
Building file: /home/yarib/ZYBO_projects/app-workspace/framework/framework/systembox.cpp
Invoking: ARM Linux g++ compiler
arm-xilinx-linux-gnueabi-g++ -Wall -O0 -g3 -I"/home/yarib/ZYBO_projects/app-workspace/framework" -c -fmessage-length=0 -MT"framework/systembox.o" -MMD -MP -MF"framework/systembox.d" -MT"framework/systembox.d" -o "framework/systembox.o" "/home/yarib/ZYBO_projects/app-workspace/framework/framework/systembox.cpp"
Finished building: /home/yarib/ZYBO_projects/app-workspace/framework/framework/systembox.cpp
 
Building target: systool.elf
Invoking: ARM Linux g++ linker
arm-xilinx-linux-gnueabi-g++ -pthread -static -o "systool.elf"  ./src/main.o ./src/systool.o  ./framework/devicehandler.o ./framework/devices.o ./framework/systembox.o   
Finished building target: systool.elf
 
Invoking: ARM Linux Print Size
arm-xilinx-linux-gnueabi-size systool.elf  |tee "systool.elf.size"
   text	   data	    bss	    dec	    hex	filename
 593064	   6352	  33544	 632960	  9a880	systool.elf
Finished building: systool.elf.size
 
23:50:57 **** Clean-only build of configuration Debug for project systool ****
make clean 
rm -rf  ./src/main.o ./src/systool.o  ./framework/devicehandler.o ./framework/devices.o ./framework/systembox.o  ./src/main.d ./src/systool.d  ./framework/devicehandler.d ./framework/devices.d ./framework/systembox.d  systool.elf.size  systool.elf
 
23:50:57 **** Auto Build of configuration Debug for project systool ****
make all 
Building file: ../src/main.cpp
Invoking: ARM Linux g++ compiler
arm-xilinx-linux-gnueabi-g++ -Wall -O0 -g3 -I"/home/yarib/ZYBO_projects/app-workspace/framework" -c -fmessage-length=0 -MT"src/main.o" -MMD -MP -MF"src/main.d" -MT"src/main.d" -o "src/main.o" "../src/main.cpp"
Finished building: ../src/main.cpp
 
Building file: ../src/systool.cpp
Invoking: ARM Linux g++ compiler
arm-xilinx-linux-gnueabi-g++ -Wall -O0 -g3 -I"/home/yarib/ZYBO_projects/app-workspace/framework" -c -fmessage-length=0 -MT"src/systool.o" -MMD -MP -MF"src/systool.d" -MT"src/systool.d" -o "src/systool.o" "../src/systool.cpp"
Finished building: ../src/systool.cpp
 
Building file: /home/yarib/ZYBO_projects/app-workspace/framework/framework/devicehandler.cpp
Invoking: ARM Linux g++ compiler
arm-xilinx-linux-gnueabi-g++ -Wall -O0 -g3 -I"/home/yarib/ZYBO_projects/app-workspace/framework" -c -fmessage-length=0 -MT"framework/devicehandler.o" -MMD -MP -MF"framework/devicehandler.d" -MT"framework/devicehandler.d" -o "framework/devicehandler.o" "/home/yarib/ZYBO_projects/app-workspace/framework/framework/devicehandler.cpp"
Finished building: /home/yarib/ZYBO_projects/app-workspace/framework/framework/devicehandler.cpp
 
Building file: /home/yarib/ZYBO_projects/app-workspace/framework/framework/devices.cpp
Invoking: ARM Linux g++ compiler
arm-xilinx-linux-gnueabi-g++ -Wall -O0 -g3 -I"/home/yarib/ZYBO_projects/app-workspace/framework" -c -fmessage-length=0 -MT"framework/devices.o" -MMD -MP -MF"framework/devices.d" -MT"framework/devices.d" -o "framework/devices.o" "/home/yarib/ZYBO_projects/app-workspace/framework/framework/devices.cpp"
Finished building: /home/yarib/ZYBO_projects/app-workspace/framework/framework/devices.cpp
 
Building file: /home/yarib/ZYBO_projects/app-workspace/framework/framework/systembox.cpp
Invoking: ARM Linux g++ compiler
arm-xilinx-linux-gnueabi-g++ -Wall -O0 -g3 -I"/home/yarib/ZYBO_projects/app-workspace/framework" -c -fmessage-length=0 -MT"framework/systembox.o" -MMD -MP -MF"framework/systembox.d" -MT"framework/systembox.d" -o "framework/systembox.o" "/home/yarib/ZYBO_projects/app-workspace/framework/framework/systembox.cpp"
Finished building: /home/yarib/ZYBO_projects/app-workspace/framework/framework/systembox.cpp
 
Building target: systool.elf
Invoking: ARM Linux g++ linker
arm-xilinx-linux-gnueabi-g++ -pthread -static -o "systool.elf"  ./src/main.o ./src/systool.o  ./framework/devicehandler.o ./framework/devices.o ./framework/systembox.o   
Finished building target: systool.elf
 
Invoking: ARM Linux Print Size
arm-xilinx-linux-gnueabi-size systool.elf  |tee "systool.elf.size"
   text	   data	    bss	    dec	    hex	filename
 593064	   6352	  33544	 632960	  9a880	systool.elf
Finished building: systool.elf.size
 
23:52:11 **** Auto Build of configuration Debug for project ctrlapp ****
make all 
Building target: ctrlapp.elf
Invoking: ARM Linux g++ linker
arm-xilinx-linux-gnueabi-g++ -pthread -static -o "ctrlapp.elf"  ./src/ctrlapp.o ./src/main.o   -l"/home/yarib/ZYBO_projects/app-workspace/framework/Debug/libframework.elf"
/opt/Xilinx/SDK/2015.4/gnu/arm/lin/bin/../lib/gcc/arm-xilinx-linux-gnueabi/4.9.2/../../../../arm-xilinx-linux-gnueabi/bin/ld: cannot find -l/home/yarib/ZYBO_projects/app-workspace/framework/Debug/libframework.elf
collect2: error: ld returned 1 exit status
make: *** [ctrlapp.elf] Error 1
makefile:48: recipe for target 'ctrlapp.elf' failed
23:52:20 **** Clean-only build of configuration Debug for project ctrlapp ****
make clean 
rm -rf  ./src/ctrlapp.o ./src/main.o  ./src/ctrlapp.d ./src/main.d  ctrlapp.elf.size  ctrlapp.elf
 
23:52:20 **** Auto Build of configuration Debug for project ctrlapp ****
make all 
Building file: ../src/ctrlapp.cpp
Invoking: ARM Linux g++ compiler
arm-xilinx-linux-gnueabi-g++ -Wall -O0 -g3 -c -fmessage-length=0 -MT"src/ctrlapp.o" -MMD -MP -MF"src/ctrlapp.d" -MT"src/ctrlapp.d" -o "src/ctrlapp.o" "../src/ctrlapp.cpp"
In file included from ../src/ctrlapp.cpp:10:0:
../src/ctrlapp.hpp:13:25: fatal error: systembox.hpp: No such file or directory
 #include "systembox.hpp"
                         ^
compilation terminated.
src/subdir.mk:21: recipe for target 'src/ctrlapp.o' failed
make: *** [src/ctrlapp.o] Error 1
23:52:25 **** Clean-only build of configuration Debug for project ctrlapp ****
make clean 
rm -rf  ./src/ctrlapp.o ./src/main.o  ./framework/devicehandler.o ./framework/devices.o ./framework/systembox.o  ./src/ctrlapp.d ./src/main.d  ./framework/devicehandler.d ./framework/devices.d ./framework/systembox.d  ctrlapp.elf.size  ctrlapp.elf
 
23:52:25 **** Auto Build of configuration Debug for project ctrlapp ****
make all 
Building file: ../src/ctrlapp.cpp
Invoking: ARM Linux g++ compiler
arm-xilinx-linux-gnueabi-g++ -Wall -O0 -g3 -c -fmessage-length=0 -MT"src/ctrlapp.o" -MMD -MP -MF"src/ctrlapp.d" -MT"src/ctrlapp.d" -o "src/ctrlapp.o" "../src/ctrlapp.cpp"
In file included from ../src/ctrlapp.cpp:10:0:
../src/ctrlapp.hpp:13:25: fatal error: systembox.hpp: No such file or directory
 #include "systembox.hpp"
                         ^
compilation terminated.
make: *** [src/ctrlapp.o] Error 1
src/subdir.mk:21: recipe for target 'src/ctrlapp.o' failed
23:52:35 **** Auto Build of configuration Debug for project ctrlapp ****
make all 
Building file: ../src/ctrlapp.cpp
Invoking: ARM Linux g++ compiler
arm-xilinx-linux-gnueabi-g++ -Wall -O0 -g3 -c -fmessage-length=0 -MT"src/ctrlapp.o" -MMD -MP -MF"src/ctrlapp.d" -MT"src/ctrlapp.d" -o "src/ctrlapp.o" "../src/ctrlapp.cpp"
In file included from ../src/ctrlapp.cpp:10:0:
../src/ctrlapp.hpp:13:35: fatal error: framework/systembox.hpp: No such file or directory
 #include "framework/systembox.hpp"
                                   ^
compilation terminated.
src/subdir.mk:21: recipe for target 'src/ctrlapp.o' failed
make: *** [src/ctrlapp.o] Error 1
23:53:18 **** Auto Build of configuration Debug for project ctrlapp ****
make all 
Building file: ../src/ctrlapp.cpp
Invoking: ARM Linux g++ compiler
arm-xilinx-linux-gnueabi-g++ -Wall -O0 -g3 -I"/home/yarib/ZYBO_projects/app-workspace/framework" -c -fmessage-length=0 -MT"src/ctrlapp.o" -MMD -MP -MF"src/ctrlapp.d" -MT"src/ctrlapp.d" -o "src/ctrlapp.o" "../src/ctrlapp.cpp"
Finished building: ../src/ctrlapp.cpp
 
Building file: ../src/main.cpp
Invoking: ARM Linux g++ compiler
arm-xilinx-linux-gnueabi-g++ -Wall -O0 -g3 -I"/home/yarib/ZYBO_projects/app-workspace/framework" -c -fmessage-length=0 -MT"src/main.o" -MMD -MP -MF"src/main.d" -MT"src/main.d" -o "src/main.o" "../src/main.cpp"
Finished building: ../src/main.cpp
 
Building file: /home/yarib/ZYBO_projects/app-workspace/framework/framework/devicehandler.cpp
Invoking: ARM Linux g++ compiler
arm-xilinx-linux-gnueabi-g++ -Wall -O0 -g3 -I"/home/yarib/ZYBO_projects/app-workspace/framework" -c -fmessage-length=0 -MT"framework/devicehandler.o" -MMD -MP -MF"framework/devicehandler.d" -MT"framework/devicehandler.d" -o "framework/devicehandler.o" "/home/yarib/ZYBO_projects/app-workspace/framework/framework/devicehandler.cpp"
Finished building: /home/yarib/ZYBO_projects/app-workspace/framework/framework/devicehandler.cpp
 
Building file: /home/yarib/ZYBO_projects/app-workspace/framework/framework/devices.cpp
Invoking: ARM Linux g++ compiler
arm-xilinx-linux-gnueabi-g++ -Wall -O0 -g3 -I"/home/yarib/ZYBO_projects/app-workspace/framework" -c -fmessage-length=0 -MT"framework/devices.o" -MMD -MP -MF"framework/devices.d" -MT"framework/devices.d" -o "framework/devices.o" "/home/yarib/ZYBO_projects/app-workspace/framework/framework/devices.cpp"
Finished building: /home/yarib/ZYBO_projects/app-workspace/framework/framework/devices.cpp
 
Building file: /home/yarib/ZYBO_projects/app-workspace/framework/framework/systembox.cpp
Invoking: ARM Linux g++ compiler
arm-xilinx-linux-gnueabi-g++ -Wall -O0 -g3 -I"/home/yarib/ZYBO_projects/app-workspace/framework" -c -fmessage-length=0 -MT"framework/systembox.o" -MMD -MP -MF"framework/systembox.d" -MT"framework/systembox.d" -o "framework/systembox.o" "/home/yarib/ZYBO_projects/app-workspace/framework/framework/systembox.cpp"
Finished building: /home/yarib/ZYBO_projects/app-workspace/framework/framework/systembox.cpp
 
Building target: ctrlapp.elf
Invoking: ARM Linux g++ linker
arm-xilinx-linux-gnueabi-g++ -pthread -static -o "ctrlapp.elf"  ./src/ctrlapp.o ./src/main.o  ./framework/devicehandler.o ./framework/devices.o ./framework/systembox.o   
Finished building target: ctrlapp.elf
 
Invoking: ARM Linux Print Size
arm-xilinx-linux-gnueabi-size ctrlapp.elf  |tee "ctrlapp.elf.size"
   text	   data	    bss	    dec	    hex	filename
1020092	  14832	  39920	1074844	 10669c	ctrlapp.elf
Finished building: ctrlapp.elf.size
 
23:53:22 **** Auto Build of configuration Debug for project ctrlapp ****
make all 
Building file: ../src/ctrlapp.cpp
Invoking: ARM Linux g++ compiler
arm-xilinx-linux-gnueabi-g++ -Wall -O0 -g3 -I"/home/yarib/ZYBO_projects/app-workspace/framework" -c -fmessage-length=0 -MT"src/ctrlapp.o" -MMD -MP -MF"src/ctrlapp.d" -MT"src/ctrlapp.d" -o "src/ctrlapp.o" "../src/ctrlapp.cpp"
Finished building: ../src/ctrlapp.cpp
 
Building file: ../src/main.cpp
Invoking: ARM Linux g++ compiler
arm-xilinx-linux-gnueabi-g++ -Wall -O0 -g3 -I"/home/yarib/ZYBO_projects/app-workspace/framework" -c -fmessage-length=0 -MT"src/main.o" -MMD -MP -MF"src/main.d" -MT"src/main.d" -o "src/main.o" "../src/main.cpp"
Finished building: ../src/main.cpp
 
Building file: /home/yarib/ZYBO_projects/app-workspace/framework/framework/devicehandler.cpp
Invoking: ARM Linux g++ compiler
arm-xilinx-linux-gnueabi-g++ -Wall -O0 -g3 -I"/home/yarib/ZYBO_projects/app-workspace/framework" -c -fmessage-length=0 -MT"framework/devicehandler.o" -MMD -MP -MF"framework/devicehandler.d" -MT"framework/devicehandler.d" -o "framework/devicehandler.o" "/home/yarib/ZYBO_projects/app-workspace/framework/framework/devicehandler.cpp"
Finished building: /home/yarib/ZYBO_projects/app-workspace/framework/framework/devicehandler.cpp
 
Building file: /home/yarib/ZYBO_projects/app-workspace/framework/framework/devices.cpp
Invoking: ARM Linux g++ compiler
arm-xilinx-linux-gnueabi-g++ -Wall -O0 -g3 -I"/home/yarib/ZYBO_projects/app-workspace/framework" -c -fmessage-length=0 -MT"framework/devices.o" -MMD -MP -MF"framework/devices.d" -MT"framework/devices.d" -o "framework/devices.o" "/home/yarib/ZYBO_projects/app-workspace/framework/framework/devices.cpp"
Finished building: /home/yarib/ZYBO_projects/app-workspace/framework/framework/devices.cpp
 
Building file: /home/yarib/ZYBO_projects/app-workspace/framework/framework/systembox.cpp
Invoking: ARM Linux g++ compiler
arm-xilinx-linux-gnueabi-g++ -Wall -O0 -g3 -I"/home/yarib/ZYBO_projects/app-workspace/framework" -c -fmessage-length=0 -MT"framework/systembox.o" -MMD -MP -MF"framework/systembox.d" -MT"framework/systembox.d" -o "framework/systembox.o" "/home/yarib/ZYBO_projects/app-workspace/framework/framework/systembox.cpp"
Finished building: /home/yarib/ZYBO_projects/app-workspace/framework/framework/systembox.cpp
 
Building target: ctrlapp.elf
Invoking: ARM Linux g++ linker
arm-xilinx-linux-gnueabi-g++ -pthread -static -o "ctrlapp.elf"  ./src/ctrlapp.o ./src/main.o  ./framework/devicehandler.o ./framework/devices.o ./framework/systembox.o   
Finished building target: ctrlapp.elf
 
Invoking: ARM Linux Print Size
arm-xilinx-linux-gnueabi-size ctrlapp.elf  |tee "ctrlapp.elf.size"
   text	   data	    bss	    dec	    hex	filename
1020092	  14832	  39920	1074844	 10669c	ctrlapp.elf
Finished building: ctrlapp.elf.size
 
