23:52:18 **** Auto Build of configuration Debug for project perftool ****
make all 
Building file: ../src/main.cpp
Invoking: ARM Linux g++ compiler
arm-xilinx-linux-gnueabi-g++ -Wall -O0 -g3 -I/home/yarib/ZYBO_projects/app_workspace -c -fmessage-length=0 -MT"src/main.o" -MMD -MP -MF"src/main.d" -MT"src/main.d" -o "src/main.o" "../src/main.cpp"
Finished building: ../src/main.cpp
 
Building target: perftool.elf
Invoking: ARM Linux g++ linker
arm-xilinx-linux-gnueabi-g++ -pthread -static -o "perftool.elf"  ./src/main.o ./src/perftool.o  ./ctrlapp/ctrlapp.o ./ctrlapp/devicehandler.o ./ctrlapp/devices.o ./ctrlapp/systembox.o   
Finished building target: perftool.elf
 
Invoking: ARM Linux Print Size
arm-xilinx-linux-gnueabi-size perftool.elf  |tee "perftool.elf.size"
   text	   data	    bss	    dec	    hex	filename
1020568	  14832	  39920	1075320	 106878	perftool.elf
Finished building: perftool.elf.size
 

23:52:18 Build Finished (took 628ms)

