08:11:53 **** Auto Build of configuration Debug for project perftool ****
make all 
Building file: ../src/perftool.cpp
Invoking: ARM Linux g++ compiler
arm-xilinx-linux-gnueabi-g++ -Wall -O0 -g3 -I/home/yarib/ZYBO_projects/app_workspace -c -fmessage-length=0 -MT"src/perftool.o" -MMD -MP -MF"src/perftool.d" -MT"src/perftool.d" -o "src/perftool.o" "../src/perftool.cpp"
Finished building: ../src/perftool.cpp
 
Building target: perftool.elf
Invoking: ARM Linux g++ linker
arm-xilinx-linux-gnueabi-g++ -pthread -static -o "perftool.elf"  ./src/main.o ./src/perftool.o  ./ctrlapp/ctrlapp.o ./ctrlapp/devicehandler.o ./ctrlapp/devices.o ./ctrlapp/systembox.o   
Finished building target: perftool.elf
 
Invoking: ARM Linux Print Size
arm-xilinx-linux-gnueabi-size perftool.elf  |tee "perftool.elf.size"
   text	   data	    bss	    dec	    hex	filename
1019640	  14832	  39920	1074392	 1064d8	perftool.elf
Finished building: perftool.elf.size
 

08:11:53 Build Finished (took 790ms)

