07:27:29 **** Auto Build of configuration Debug for project platform ****
make all 
Building file: /home/yarib/ZYBO_projects/app-workspace/framework/framework/device/devicehandler.cpp
Invoking: ARM Linux g++ compiler
arm-xilinx-linux-gnueabi-g++ -Wall -O0 -g3 -I/home/yarib/ZYBO_projects/app-workspace/framework -c -fmessage-length=0 -MT"framework/device/devicehandler.o" -MMD -MP -MF"framework/device/devicehandler.d" -MT"framework/device/devicehandler.d" -o "framework/device/devicehandler.o" "/home/yarib/ZYBO_projects/app-workspace/framework/framework/device/devicehandler.cpp"
Finished building: /home/yarib/ZYBO_projects/app-workspace/framework/framework/device/devicehandler.cpp
 
Building target: libplatform.elf
Invoking: ARM Linux archiver
arm-xilinx-linux-gnueabi-ar -r  "libplatform.elf"  ./platform/devices.o  ./framework/network/tcpserver.o ./framework/network/tcpsocket.o  ./framework/hid/joystick.o  ./framework/device/commander.o ./framework/device/device.o ./framework/device/devicehandler.o  ./framework/application/application.o ./framework/application/daemon.o   
arm-xilinx-linux-gnueabi-ar: creating libplatform.elf
Finished building target: libplatform.elf
 
Invoking: ARM Linux Print Size
arm-xilinx-linux-gnueabi-size libplatform.elf  |tee "libplatform.elf.size"
   text	   data	    bss	    dec	    hex	filename
   3160	      0	      0	   3160	    c58	devices.o (ex libplatform.elf)
   1144	      4	      4	   1152	    480	tcpserver.o (ex libplatform.elf)
  11328	      4	      4	  11336	   2c48	tcpsocket.o (ex libplatform.elf)
   2176	      0	      0	   2176	    880	joystick.o (ex libplatform.elf)
   6768	      0	      0	   6768	   1a70	commander.o (ex libplatform.elf)
  10360	      0	     16	  10376	   2888	device.o (ex libplatform.elf)
   1484	      0	      0	   1484	    5cc	devicehandler.o (ex libplatform.elf)
   7556	      0	      0	   7556	   1d84	application.o (ex libplatform.elf)
    516	      0	      0	    516	    204	daemon.o (ex libplatform.elf)
Finished building: libplatform.elf.size
 

07:27:29 Build Finished (took 321ms)

